Archive member included to satisfy reference by file (symbol)

C:/devkitPro/libnx/lib\libnx.a(set.o)
                              main.o (setsysInitialize)
C:/devkitPro/libnx/lib\libnx.a(fs.o)
                              main.o (fsInitialize)
C:/devkitPro/libnx/lib\libnx.a(sm.o)
                              main.o (smInitialize)
C:/devkitPro/libnx/lib\libnx.a(hosversion.o)
                              C:/devkitPro/libnx/lib\libnx.a(set.o) (hosversionGet)
C:/devkitPro/libnx/lib\libnx.a(diag.o)
                              main.o (diagAbortWithResult)
C:/devkitPro/libnx/lib\libnx.a(socket.o)
                              main.o (socketExit)
C:/devkitPro/libnx/lib\libnx.a(fs_dev.o)
                              main.o (fsdevMountSdmc)
C:/devkitPro/libnx/lib\libnx.a(convert_errno.o)
                              C:/devkitPro/libnx/lib\libnx.a(socket.o) (_convert_errno)
C:/devkitPro/libnx/lib\libnx.a(decode_utf8.o)
                              C:/devkitPro/libnx/lib\libnx.a(fs_dev.o) (decode_utf8)
C:/devkitPro/libnx/lib\libnx.a(svc.o)
                              main.o (svcSleepThread)
C:/devkitPro/libnx/lib\libnx.a(readtp.o)
                              C:/devkitPro/libnx/lib\libnx.a(fs.o) (__aarch64_read_tp)
C:/devkitPro/libnx/lib\libnx.a(switch_crt0.o)
                              (_start)
C:/devkitPro/libnx/lib\libnx.a(mutex.o)
                              C:/devkitPro/libnx/lib\libnx.a(set.o) (mutexLock)
C:/devkitPro/libnx/lib\libnx.a(event.o)
                              C:/devkitPro/libnx/lib\libnx.a(set.o) (eventLoadRemote)
C:/devkitPro/libnx/lib\libnx.a(sessionmgr.o)
                              C:/devkitPro/libnx/lib\libnx.a(fs.o) (sessionmgrCreate)
C:/devkitPro/libnx/lib\libnx.a(bsd.o)
                              C:/devkitPro/libnx/lib\libnx.a(socket.o) (g_bsdResult)
C:/devkitPro/libnx/lib\libnx.a(ssl.o)
                              C:/devkitPro/libnx/lib\libnx.a(socket.o) (sslConnectionSetSocketDescriptor)
C:/devkitPro/libnx/lib\libnx.a(nifm.o)
                              C:/devkitPro/libnx/lib\libnx.a(socket.o) (nifmRequestRegisterSocketDescriptor)
C:/devkitPro/libnx/lib\libnx.a(time.o)
                              C:/devkitPro/libnx/lib\libnx.a(fs_dev.o) (timeToPosixTimeWithMyRule)
C:/devkitPro/libnx/lib\libnx.a(dynamic.o)
                              C:/devkitPro/libnx/lib\libnx.a(switch_crt0.o) (__nx_dynamic)
C:/devkitPro/libnx/lib\libnx.a(init.o)
                              C:/devkitPro/libnx/lib\libnx.a(switch_crt0.o) (__libnx_init)
C:/devkitPro/libnx/lib\libnx.a(env.o)
                              C:/devkitPro/libnx/lib\libnx.a(init.o) (envSetup)
C:/devkitPro/libnx/lib\libnx.a(alloc.o)
                              C:/devkitPro/libnx/lib\libnx.a(socket.o) (__libnx_alloc)
C:/devkitPro/libnx/lib\libnx.a(newlib.o)
                              C:/devkitPro/libnx/lib\libnx.a(init.o) (__libnx_init_time)
C:/devkitPro/libnx/lib\libnx.a(argv.o)
                              C:/devkitPro/libnx/lib\libnx.a(init.o) (argvSetup)
C:/devkitPro/libnx/lib\libnx.a(path_buf.o)
                              C:/devkitPro/libnx/lib\libnx.a(fs_dev.o) (__nx_dev_path_buf)
C:/devkitPro/libnx/lib\libnx.a(exception.o)
                              C:/devkitPro/libnx/lib\libnx.a(switch_crt0.o) (__libnx_exception_entry)
C:/devkitPro/libnx/lib\libnx.a(shmem.o)
                              C:/devkitPro/libnx/lib\libnx.a(time.o) (shmemLoadRemote)
C:/devkitPro/libnx/lib\libnx.a(wait.o)
                              C:/devkitPro/libnx/lib\libnx.a(event.o) (waitObjects)
C:/devkitPro/libnx/lib\libnx.a(tmem.o)
                              C:/devkitPro/libnx/lib\libnx.a(bsd.o) (tmemCreate)
C:/devkitPro/libnx/lib\libnx.a(virtmem.o)
                              C:/devkitPro/libnx/lib\libnx.a(init.o) (virtmemSetup)
C:/devkitPro/libnx/lib\libnx.a(condvar.o)
                              C:/devkitPro/libnx/lib\libnx.a(sessionmgr.o) (condvarWaitTimeout)
C:/devkitPro/libnx/lib\libnx.a(random.o)
                              C:/devkitPro/libnx/lib\libnx.a(virtmem.o) (randomGet64)
C:/devkitPro/libnx/lib\libnx.a(thread.o)
                              C:/devkitPro/libnx/lib\libnx.a(init.o) (__libnx_init_thread)
C:/devkitPro/libnx/lib\libnx.a(applet.o)
                              C:/devkitPro/libnx/lib\libnx.a(init.o) (appletExit)
C:/devkitPro/libnx/lib\libnx.a(hid.o)
                              C:/devkitPro/libnx/lib\libnx.a(init.o) (hidInitialize)
C:/devkitPro/libnx/lib\libnx.a(nxlink.o)
                              C:/devkitPro/libnx/lib\libnx.a(argv.o) (nxlinkSetup)
C:/devkitPro/libnx/lib\libnx.a(apm.o)
                              C:/devkitPro/libnx/lib\libnx.a(applet.o) (apmInitialize)
C:/devkitPro/portlibs/switch/lib\libcurl.a(libcurl_la-easy.o)
                              dl.o (curl_global_init)
C:/devkitPro/portlibs/switch/lib\libcurl.a(libcurl_la-connect.o)
                              C:/devkitPro/portlibs/switch/lib\libcurl.a(libcurl_la-easy.o) (Curl_getconnectinfo)
[...]
Memory Configuration

Name             Origin             Length             Attributes
*default*        0x0000000000000000 0xffffffffffffffff

Linker script and memory map

                0x0000000000000000                PROVIDE (__start__ = 0x0)
                0x0000000000000000                . = __start__
                0x0000000000000000                __code_start = .

.text           0x0000000000000000    0x6ac20
 *(.crt0)
 .crt0          0x0000000000000000      0x140 C:/devkitPro/libnx/lib\libnx.a(switch_crt0.o)
                0x0000000000000000                _start
                0x0000000000000108                __nx_exit
                0x0000000000000118                __nx_mod0
 *(.text.unlikely .text.*_unlikely .text.unlikely.*)
 *(.text.exit .text.exit.*)
 .text.exit     0x0000000000000140       0x38 c:/devkitpro/devkita64/bin/../lib/gcc/aarch64-none-elf/12.2.0/../../../../aarch64-none-elf/lib/pic\libg.a(lib_a-exit.o)
                0x0000000000000140                exit
 *(.text.startup .text.startup.*)
 *fill*         0x0000000000000178        0x8 
 .text.startup.main
                0x0000000000000180       0x44 main.o
                0x0000000000000180                main
 *(.text.hot .text.hot.*)
 *(.text .stub .text.* .gnu.linkonce.t.*)
 *fill*         0x00000000000001c4        0xc 
 .text.__do_global_dtors_aux
                0x00000000000001d0       0x44 c:/devkitpro/devkita64/bin/../lib/gcc/aarch64-none-elf/12.2.0/pic/crtbegin.o
 *fill*         0x0000000000000214        0xc 
 .text.frame_dummy
                0x0000000000000220       0x24 c:/devkitpro/devkita64/bin/../lib/gcc/aarch64-none-elf/12.2.0/pic/crtbegin.o
 *fill*         0x0000000000000244        0xc 
 .text.dl_init  0x0000000000000250       0x1c dl.o
                0x0000000000000250                dl_init
 *fill*         0x000000000000026c        0x4 
 .text.dl_start
                0x0000000000000270       0x84 dl.o
                0x0000000000000270                dl_start
 *fill*         0x00000000000002f4        0xc 
 .text.dl_exit  0x0000000000000300       0x18 dl.o
                0x0000000000000300                dl_exit
 *fill*         0x0000000000000318        0x8 
 .text.log_error
                0x0000000000000320       0x68 log.o
                0x0000000000000320                log_error
 *fill*         0x0000000000000388        0x8 
 .text.__libnx_initheap
                0x0000000000000390       0x2c main.o
                0x0000000000000390                __libnx_initheap
 *fill*         0x00000000000003bc        0x4 
 .text.__appInit
                0x00000000000003c0       0xa4 main.o
                0x00000000000003c0                __appInit
 *fill*         0x0000000000000464        0xc 
 .text.__appExit
                0x0000000000000470       0x18 main.o
                0x0000000000000470                __appExit
 *fill*         0x0000000000000488        0x8 
 .text._setsysGetFirmwareVersionImpl
                0x0000000000000490       0xd4 C:/devkitPro/libnx/lib\libnx.a(set.o)
 *fill*         0x0000000000000564        0xc 
 .text._setsysCleanup
                0x0000000000000570       0x68 C:/devkitPro/libnx/lib\libnx.a(set.o)
 *fill*         0x00000000000005d8        0x8 
 .text.setsysInitialize
                0x00000000000005e0       0xa0 C:/devkitPro/libnx/lib\libnx.a(set.o)
                0x00000000000005e0                setsysInitialize
 .text.setsysExit
                0x0000000000000680       0x44 C:/devkitPro/libnx/lib\libnx.a(set.o)
                0x0000000000000680                setsysExit
 *fill*         0x00000000000006c4        0xc 
 .text.setsysGetFirmwareVersion
                0x00000000000006d0       0x44 C:/devkitPro/libnx/lib\libnx.a(set.o)
                0x00000000000006d0                setsysGetFirmwareVersion
 *fill*         0x0000000000000714        0xc 
 .text._fsCleanup
                0x0000000000000720       0xb4 C:/devkitPro/libnx/lib\libnx.a(fs.o)
 *fill*         0x00000000000007d4        0xc 
 .text._fsCmdNoIO
                0x00000000000007e0      0x1b0 C:/devkitPro/libnx/lib\libnx.a(fs.o)
 .text._fsFsCmdWithInPath
                0x0000000000000990      0x1d0 C:/devkitPro/libnx/lib\libnx.a(fs.o)
 .text._fsFsCmdWithTwoInPaths
                0x0000000000000b60      0x1f8 C:/devkitPro/libnx/lib\libnx.a(fs.o)
 *fill*         0x0000000000000d58        0x8 
 .text._fsFsOpenCommon
                0x0000000000000d60      0x23c C:/devkitPro/libnx/lib\libnx.a(fs.o)
 *fill*         0x0000000000000f9c        0x4 
 .text._fsFsCmdWithInPathAndOutU64
                0x0000000000000fa0      0x1ec C:/devkitPro/libnx/lib\libnx.a(fs.o)
 *fill*         0x000000000000118c        0x4 
 .text._fsObjectClose
                0x0000000000001190       0xf4 C:/devkitPro/libnx/lib\libnx.a(fs.o)
 *fill*         0x0000000000001284        0xc 
 .text._fsCmdGetSession.constprop.0
                0x0000000000001290      0x17c C:/devkitPro/libnx/lib\libnx.a(fs.o)
 *fill*         0x000000000000140c        0x4 
 .text.fsInitialize
                0x0000000000001410      0x304 C:/devkitPro/libnx/lib\libnx.a(fs.o)
                0x0000000000001410                fsInitialize
 *fill*         0x0000000000001714        0xc 
 .text.fsExit   0x0000000000001720       0x44 C:/devkitPro/libnx/lib\libnx.a(fs.o)
                0x0000000000001720                fsExit
 *fill*         0x0000000000001764        0xc 
 .text.fsOpenSdCardFileSystem
                0x0000000000001770        0x8 C:/devkitPro/libnx/lib\libnx.a(fs.o)
                0x0000000000001770                fsOpenSdCardFileSystem
 *fill*         0x0000000000001778        0x8 
 .text.fsFsCreateFile
                0x0000000000001780      0x1e0 C:/devkitPro/libnx/lib\libnx.a(fs.o)
                0x0000000000001780                fsFsCreateFile
 .text.fsFsDeleteFile
                0x0000000000001960        0x8 C:/devkitPro/libnx/lib\libnx.a(fs.o)
                0x0000000000001960                fsFsDeleteFile
 *fill*         0x0000000000001968        0x8 
 .text.fsFsCreateDirectory
                0x0000000000001970        0x8 C:/devkitPro/libnx/lib\libnx.a(fs.o)
                0x0000000000001970                fsFsCreateDirectory
 *fill*         0x0000000000001978        0x8 
 .text.fsFsDeleteDirectory
                0x0000000000001980        0x8 C:/devkitPro/libnx/lib\libnx.a(fs.o)
                0x0000000000001980                fsFsDeleteDirectory
 *fill*         0x0000000000001988        0x8 
 .text.fsFsRenameFile
                0x0000000000001990        0x8 C:/devkitPro/libnx/lib\libnx.a(fs.o)
                0x0000000000001990                fsFsRenameFile
 *fill*         0x0000000000001998        0x8 
 .text.fsFsRenameDirectory
                0x00000000000019a0        0x8 C:/devkitPro/libnx/lib\libnx.a(fs.o)
                0x00000000000019a0                fsFsRenameDirectory
 *fill*         0x00000000000019a8        0x8 
 .text.fsFsGetEntryType
                0x00000000000019b0      0x1e8 C:/devkitPro/libnx/lib\libnx.a(fs.o)
                0x00000000000019b0                fsFsGetEntryType
 *fill*         0x0000000000001b98        0x8 
 .text.fsFsOpenFile
                0x0000000000001ba0        0x8 C:/devkitPro/libnx/lib\libnx.a(fs.o)
                0x0000000000001ba0                fsFsOpenFile
 *fill*         0x0000000000001ba8        0x8 
 .text.fsFsOpenDirectory
                0x0000000000001bb0        0x8 C:/devkitPro/libnx/lib\libnx.a(fs.o)
                0x0000000000001bb0                fsFsOpenDirectory
 *fill*         0x0000000000001bb8        0x8 
 .text.fsFsGetFreeSpace
                0x0000000000001bc0        0x8 C:/devkitPro/libnx/lib\libnx.a(fs.o)
                0x0000000000001bc0                fsFsGetFreeSpace
 *fill*         0x0000000000001bc8        0x8 
 .text.fsFsGetTotalSpace
                0x0000000000001bd0        0x8 C:/devkitPro/libnx/lib\libnx.a(fs.o)
                0x0000000000001bd0                fsFsGetTotalSpace
 *fill*         0x0000000000001bd8        0x8 
 .text.fsFsGetFileTimeStampRaw
                0x0000000000001be0      0x230 C:/devkitPro/libnx/lib\libnx.a(fs.o)
                0x0000000000001be0                fsFsGetFileTimeStampRaw
 .text.fsFsClose
                0x0000000000001e10        0x4 C:/devkitPro/libnx/lib\libnx.a(fs.o)
                0x0000000000001e10                fsFsClose
 *fill*         0x0000000000001e14        0xc 
 .text.fsFileRead
                0x0000000000001e20      0x20c C:/devkitPro/libnx/lib\libnx.a(fs.o)
                0x0000000000001e20                fsFileRead
 *fill*         0x000000000000202c        0x4 
 .text.fsFileWrite
                0x0000000000002030      0x1fc C:/devkitPro/libnx/lib\libnx.a(fs.o)
                0x0000000000002030                fsFileWrite
 *fill*         0x000000000000222c        0x4 
 .text.fsFileFlush
                0x0000000000002230        0x8 C:/devkitPro/libnx/lib\libnx.a(fs.o)
                0x0000000000002230                fsFileFlush
 *fill*         0x0000000000002238        0x8 
 .text.fsFileSetSize
                0x0000000000002240      0x1b4 C:/devkitPro/libnx/lib\libnx.a(fs.o)
                0x0000000000002240                fsFileSetSize
 *fill*         0x00000000000023f4        0xc 
 .text.fsFileGetSize
                0x0000000000002400      0x1c4 C:/devkitPro/libnx/lib\libnx.a(fs.o)
                0x0000000000002400                fsFileGetSize
 *fill*         0x00000000000025c4        0xc 
 .text.fsFileClose
                0x00000000000025d0        0x4 C:/devkitPro/libnx/lib\libnx.a(fs.o)
                0x00000000000025d0                fsFileClose
 *fill*         0x00000000000025d4        0xc 
 .text.fsDirClose
                0x00000000000025e0        0x4 C:/devkitPro/libnx/lib\libnx.a(fs.o)
                0x00000000000025e0                fsDirClose
 *fill*         0x00000000000025e4        0xc 
 .text.fsDirRead
                0x00000000000025f0      0x200 C:/devkitPro/libnx/lib\libnx.a(fs.o)
                0x00000000000025f0                fsDirRead
 .text._smCmifCmdInPid
                0x00000000000027f0       0xd0 C:/devkitPro/libnx/lib\libnx.a(sm.o)
 .text._smCleanup
                0x00000000000028c0       0x68 C:/devkitPro/libnx/lib\libnx.a(sm.o)
 *fill*         0x0000000000002928        0x8 
 .text.smAddOverrideHandle
                0x0000000000002930       0x48 C:/devkitPro/libnx/lib\libnx.a(sm.o)
                0x0000000000002930                smAddOverrideHandle
 *fill*         0x0000000000002978        0x8 
 .text.smGetServiceOverride
                0x0000000000002980       0x54 C:/devkitPro/libnx/lib\libnx.a(sm.o)
                0x0000000000002980                smGetServiceOverride
 *fill*         0x00000000000029d4        0xc 
 .text.smInitialize
                0x00000000000029e0      0x1c0 C:/devkitPro/libnx/lib\libnx.a(sm.o)
                0x00000000000029e0                smInitialize
 .text.smExit   0x0000000000002ba0       0x44 C:/devkitPro/libnx/lib\libnx.a(sm.o)
                0x0000000000002ba0                smExit
 *fill*         0x0000000000002be4        0xc 
 .text.smGetServiceOriginal
                0x0000000000002bf0       0xd0 C:/devkitPro/libnx/lib\libnx.a(sm.o)
                0x0000000000002bf0                smGetServiceOriginal
 .text.smGetServiceWrapper
                0x0000000000002cc0      0x120 C:/devkitPro/libnx/lib\libnx.a(sm.o)
                0x0000000000002cc0                smGetServiceWrapper
 .text.hosversionGet
                0x0000000000002de0       0x14 C:/devkitPro/libnx/lib\libnx.a(hosversion.o)
                0x0000000000002de0                hosversionGet
 *fill*         0x0000000000002df4        0xc 
 .text.hosversionSet
                0x0000000000002e00       0x10 C:/devkitPro/libnx/lib\libnx.a(hosversion.o)
                0x0000000000002e00                hosversionSet
 .text.diagAbortWithResult
                0x0000000000002e10       0x1c C:/devkitPro/libnx/lib\libnx.a(diag.o)
                0x0000000000002e10                diagAbortWithResult
 *fill*         0x0000000000002e2c        0x4 
 .text._socketGetFd
                0x0000000000002e30       0x7c C:/devkitPro/libnx/lib\libnx.a(socket.o)
 *fill*         0x0000000000002eac        0x4 
 .text._socketParseBsdResult.part.0
                0x0000000000002eb0       0xa8 C:/devkitPro/libnx/lib\libnx.a(socket.o)
 *fill*         0x0000000000002f58        0x8 
 .text._socketRead
                0x0000000000002f60       0x4c C:/devkitPro/libnx/lib\libnx.a(socket.o)
 *fill*         0x0000000000002fac        0x4 
 .text._socketWrite
                0x0000000000002fb0       0x4c C:/devkitPro/libnx/lib\libnx.a(socket.o)
 *fill*         0x0000000000002ffc        0x4 
 .text._socketClose
                0x0000000000003000       0x3c C:/devkitPro/libnx/lib\libnx.a(socket.o)
 *fill*         0x000000000000303c        0x4 
 .text._socketOpen
                0x0000000000003040       0x7c C:/devkitPro/libnx/lib\libnx.a(socket.o)
 *fill*         0x00000000000030bc        0x4 
 .text.socketExit
                0x00000000000030c0       0x1c C:/devkitPro/libnx/lib\libnx.a(socket.o)
                0x00000000000030c0                socketExit
 *fill*         0x00000000000030dc        0x4 
 .text.socketInitialize
                0x00000000000030e0      0x12c C:/devkitPro/libnx/lib\libnx.a(socket.o)
                0x00000000000030e0                socketInitialize
 *fill*         0x000000000000320c        0x4 
 .text.socketSslConnectionSetSocketDescriptor
                0x0000000000003210       0xc4 C:/devkitPro/libnx/lib\libnx.a(socket.o)
                0x0000000000003210                socketSslConnectionSetSocketDescriptor
 *fill*         0x00000000000032d4        0xc 
 .text.poll     0x00000000000032e0      0x18c C:/devkitPro/libnx/lib\libnx.a(socket.o)
                0x00000000000032e0                poll
 *fill*         0x000000000000346c        0x4 
 .text.socket   0x0000000000003470       0xa4 C:/devkitPro/libnx/lib\libnx.a(socket.o)
                0x0000000000003470                socket
 *fill*         0x0000000000003514        0xc 
 .text.recv     0x0000000000003520       0x68 C:/devkitPro/libnx/lib\libnx.a(socket.o)
                0x0000000000003520                recv
 *fill*         0x0000000000003588        0x8 
 .text.recvfrom
                0x0000000000003590       0x80 C:/devkitPro/libnx/lib\libnx.a(socket.o)
                0x0000000000003590                recvfrom
 .text.send     0x0000000000003610       0x68 C:/devkitPro/libnx/lib\libnx.a(socket.o)
                0x0000000000003610                send
 *fill*         0x0000000000003678        0x8 
 .text.sendto   0x0000000000003680       0x80 C:/devkitPro/libnx/lib\libnx.a(socket.o)
                0x0000000000003680                sendto
 .text.accept   0x0000000000003700       0xac C:/devkitPro/libnx/lib\libnx.a(socket.o)
                0x0000000000003700                accept
 *fill*         0x00000000000037ac        0x4 
 .text.bind     0x00000000000037b0       0x60 C:/devkitPro/libnx/lib\libnx.a(socket.o)
                0x00000000000037b0                bind
 .text.connect  0x0000000000003810       0x60 C:/devkitPro/libnx/lib\libnx.a(socket.o)
                0x0000000000003810                connect
 .text.getpeername
                0x0000000000003870       0x60 C:/devkitPro/libnx/lib\libnx.a(socket.o)
                0x0000000000003870                getpeername
 .text.getsockname
                0x00000000000038d0       0x60 C:/devkitPro/libnx/lib\libnx.a(socket.o)
                0x00000000000038d0                getsockname
 .text.getsockopt
                0x0000000000003930       0x7c C:/devkitPro/libnx/lib\libnx.a(socket.o)
                0x0000000000003930                getsockopt
 *fill*         0x00000000000039ac        0x4 
 .text.listen   0x00000000000039b0       0x58 C:/devkitPro/libnx/lib\libnx.a(socket.o)
                0x00000000000039b0                listen
 *fill*         0x0000000000003a08        0x8 
 .text.setsockopt
                0x0000000000003a10       0x7c C:/devkitPro/libnx/lib\libnx.a(socket.o)
                0x0000000000003a10                setsockopt
 *fill*         0x0000000000003a8c        0x4 
 .text.fcntl    0x0000000000003a90       0xc0 C:/devkitPro/libnx/lib\libnx.a(socket.o)
                0x0000000000003a90                fcntl
 .text.ioctl    0x0000000000003b50      0x1f4 C:/devkitPro/libnx/lib\libnx.a(socket.o)
                0x0000000000003b50                ioctl
 *fill*         0x0000000000003d44        0xc 
 .text.socketpair
                0x0000000000003d50       0x24 C:/devkitPro/libnx/lib\libnx.a(socket.o)
                0x0000000000003d50                socketpair
 *fill*         0x0000000000003d74        0xc 
 .text.fsdev_link
                0x0000000000003d80       0x14 C:/devkitPro/libnx/lib\libnx.a(fs_dev.o)
 *fill*         0x0000000000003d94        0xc 
 .text.fsdev_dirreset
                0x0000000000003da0       0x14 C:/devkitPro/libnx/lib\libnx.a(fs_dev.o)
 *fill*         0x0000000000003db4        0xc 
 .text.fsdev_chmod
                0x0000000000003dc0       0x14 C:/devkitPro/libnx/lib\libnx.a(fs_dev.o)
 *fill*         0x0000000000003dd4        0xc 
 .text.error_cmp
                0x0000000000003de0       0x18 C:/devkitPro/libnx/lib\libnx.a(fs_dev.o)
 *fill*         0x0000000000003df8        0x8 
 .text.fsdev_dirclose
                0x0000000000003e00       0x20 C:/devkitPro/libnx/lib\libnx.a(fs_dev.o)
 .text.fsdev_close
                0x0000000000003e20       0x1c C:/devkitPro/libnx/lib\libnx.a(fs_dev.o)
 *fill*         0x0000000000003e3c        0x4 
 .text.fsdev_converttimetoutc
                0x0000000000003e40       0x80 C:/devkitPro/libnx/lib\libnx.a(fs_dev.o)
 .text.fsdevFindDevice.part.0
                0x0000000000003ec0       0xc8 C:/devkitPro/libnx/lib\libnx.a(fs_dev.o)
 *fill*         0x0000000000003f88        0x8 
 .text.fsdev_fixpath
                0x0000000000003f90      0x1ac C:/devkitPro/libnx/lib\libnx.a(fs_dev.o)
 *fill*         0x000000000000413c        0x4 
 .text._fsdevUnmountDeviceStruct.part.0
                0x0000000000004140       0xa0 C:/devkitPro/libnx/lib\libnx.a(fs_dev.o)
 .text.fsdev_fchmod
                0x00000000000041e0       0x14 C:/devkitPro/libnx/lib\libnx.a(fs_dev.o)
 *fill*         0x00000000000041f4        0xc 
 .text.fsdev_diropen
                0x0000000000004200      0x108 C:/devkitPro/libnx/lib\libnx.a(fs_dev.o)
 *fill*         0x0000000000004308        0x8 
 .text.fsdev_statvfs
                0x0000000000004310       0xfc C:/devkitPro/libnx/lib\libnx.a(fs_dev.o)
 *fill*         0x000000000000440c        0x4 
 .text.fsdev_fsync
                0x0000000000004410       0x7c C:/devkitPro/libnx/lib\libnx.a(fs_dev.o)
 *fill*         0x000000000000448c        0x4 
 .text.fsdev_fstat
                0x0000000000004490       0xf4 C:/devkitPro/libnx/lib\libnx.a(fs_dev.o)
 *fill*         0x0000000000004584        0xc 
 .text.fsdev_ftruncate
                0x0000000000004590       0x8c C:/devkitPro/libnx/lib\libnx.a(fs_dev.o)
 *fill*         0x000000000000461c        0x4 
 .text.fsdev_stat
                0x0000000000004620      0x1fc C:/devkitPro/libnx/lib\libnx.a(fs_dev.o)
 *fill*         0x000000000000481c        0x4 
 .text.fsdev_rename
                0x0000000000004820      0x14c C:/devkitPro/libnx/lib\libnx.a(fs_dev.o)
 *fill*         0x000000000000496c        0x4 
 .text.fsdev_chdir
                0x0000000000004970      0x140 C:/devkitPro/libnx/lib\libnx.a(fs_dev.o)
 .text.fsdev_mkdir
                0x0000000000004ab0       0xa4 C:/devkitPro/libnx/lib\libnx.a(fs_dev.o)
 *fill*         0x0000000000004b54        0xc 
 .text.fsdev_unlink
                0x0000000000004b60       0xa4 C:/devkitPro/libnx/lib\libnx.a(fs_dev.o)
 *fill*         0x0000000000004c04        0xc 
 .text.fsdev_rmdir
                0x0000000000004c10       0xa4 C:/devkitPro/libnx/lib\libnx.a(fs_dev.o)
 *fill*         0x0000000000004cb4        0xc 
 .text.fsdev_write_safe
                0x0000000000004cc0      0x13c C:/devkitPro/libnx/lib\libnx.a(fs_dev.o)
 *fill*         0x0000000000004dfc        0x4 
 .text.fsdev_read_safe
                0x0000000000004e00      0x13c C:/devkitPro/libnx/lib\libnx.a(fs_dev.o)
 *fill*         0x0000000000004f3c        0x4 
 .text.fsdev_read
                0x0000000000004f40      0x104 C:/devkitPro/libnx/lib\libnx.a(fs_dev.o)
 *fill*         0x0000000000005044        0xc 
 .text.fsdev_dirnext
                0x0000000000005050      0x1a0 C:/devkitPro/libnx/lib\libnx.a(fs_dev.o)
 .text.fsdev_write
                0x00000000000051f0      0x11c C:/devkitPro/libnx/lib\libnx.a(fs_dev.o)
 *fill*         0x000000000000530c        0x4 
 .text.fsdev_seek
                0x0000000000005310       0xf0 C:/devkitPro/libnx/lib\libnx.a(fs_dev.o)
 .text.fsdev_open
                0x0000000000005400      0x23c C:/devkitPro/libnx/lib\libnx.a(fs_dev.o)
 *fill*         0x000000000000563c        0x4 
 .text.fsdevMountDevice
                0x0000000000005640      0x214 C:/devkitPro/libnx/lib\libnx.a(fs_dev.o)
                0x0000000000005640                fsdevMountDevice
 *fill*         0x0000000000005854        0xc 
 .text.fsdevMountSdmc
                0x0000000000005860       0x40 C:/devkitPro/libnx/lib\libnx.a(fs_dev.o)
                0x0000000000005860                fsdevMountSdmc
 .text.fsdevUnmountAll
                0x00000000000058a0       0x64 C:/devkitPro/libnx/lib\libnx.a(fs_dev.o)
                0x00000000000058a0                fsdevUnmountAll
 *fill*         0x0000000000005904        0xc 
 .text._convert_errno
                0x0000000000005910       0x2c C:/devkitPro/libnx/lib\libnx.a(convert_errno.o)
                0x0000000000005910                _convert_errno
 *fill*         0x000000000000593c        0x4 
 .text.decode_utf8
                0x0000000000005940      0x12c C:/devkitPro/libnx/lib\libnx.a(decode_utf8.o)
                0x0000000000005940                decode_utf8
 .text.svcUnmapMemory
                0x0000000000005a6c        0x8 C:/devkitPro/libnx/lib\libnx.a(svc.o)
                0x0000000000005a6c                svcUnmapMemory
 .text.svcQueryMemory
                0x0000000000005a74       0x14 C:/devkitPro/libnx/lib\libnx.a(svc.o)
                0x0000000000005a74                svcQueryMemory
 .text.svcExitProcess
                0x0000000000005a88        0x8 C:/devkitPro/libnx/lib\libnx.a(svc.o)
                0x0000000000005a88                svcExitProcess
 .text.svcSleepThread
                0x0000000000005a90        0x8 C:/devkitPro/libnx/lib\libnx.a(svc.o)
                0x0000000000005a90                svcSleepThread
 .text.svcCreateTransferMemory
                0x0000000000005a98       0x14 C:/devkitPro/libnx/lib\libnx.a(svc.o)
                0x0000000000005a98                svcCreateTransferMemory
 .text.svcCloseHandle
                0x0000000000005aac        0x8 C:/devkitPro/libnx/lib\libnx.a(svc.o)
                0x0000000000005aac                svcCloseHandle
 .text.svcArbitrateLock
                0x0000000000005ab4        0x8 C:/devkitPro/libnx/lib\libnx.a(svc.o)
                0x0000000000005ab4                svcArbitrateLock
 .text.svcArbitrateUnlock
                0x0000000000005abc        0x8 C:/devkitPro/libnx/lib\libnx.a(svc.o)
                0x0000000000005abc                svcArbitrateUnlock
 .text.svcWaitProcessWideKeyAtomic
                0x0000000000005ac4        0x8 C:/devkitPro/libnx/lib\libnx.a(svc.o)
                0x0000000000005ac4                svcWaitProcessWideKeyAtomic
 .text.svcSignalProcessWideKey
                0x0000000000005acc        0x8 C:/devkitPro/libnx/lib\libnx.a(svc.o)
                0x0000000000005acc                svcSignalProcessWideKey
 .text.svcConnectToNamedPort
                0x0000000000005ad4       0x14 C:/devkitPro/libnx/lib\libnx.a(svc.o)
                0x0000000000005ad4                svcConnectToNamedPort
 .text.svcSendSyncRequest
                0x0000000000005ae8        0x8 C:/devkitPro/libnx/lib\libnx.a(svc.o)
                0x0000000000005ae8                svcSendSyncRequest
 .text.svcBreak
                0x0000000000005af0        0x8 C:/devkitPro/libnx/lib\libnx.a(svc.o)
                0x0000000000005af0                svcBreak
 .text.svcReturnFromException
                0x0000000000005af8        0x8 C:/devkitPro/libnx/lib\libnx.a(svc.o)
                0x0000000000005af8                svcReturnFromException
 .text.svcGetInfo
                0x0000000000005b00       0x14 C:/devkitPro/libnx/lib\libnx.a(svc.o)
                0x0000000000005b00                svcGetInfo
 .text.svcUnmapTransferMemory
                0x0000000000005b14        0x8 C:/devkitPro/libnx/lib\libnx.a(svc.o)
                0x0000000000005b14                svcUnmapTransferMemory
 .text.__aarch64_read_tp
                0x0000000000005b1c        0xc C:/devkitPro/libnx/lib\libnx.a(readtp.o)
                0x0000000000005b1c                __aarch64_read_tp
 *fill*         0x0000000000005b28        0x8 
 .text.mutexLock
                0x0000000000005b30       0x80 C:/devkitPro/libnx/lib\libnx.a(mutex.o)
                0x0000000000005b30                mutexLock
 .text.mutexUnlock
                0x0000000000005bb0       0x68 C:/devkitPro/libnx/lib\libnx.a(mutex.o)
                0x0000000000005bb0                mutexUnlock
 *fill*         0x0000000000005c18        0x8 
 .text.rmutexLock
                0x0000000000005c20       0x4c C:/devkitPro/libnx/lib\libnx.a(mutex.o)
                0x0000000000005c20                rmutexLock
 *fill*         0x0000000000005c6c        0x4 
 .text.rmutexUnlock
                0x0000000000005c70       0x1c C:/devkitPro/libnx/lib\libnx.a(mutex.o)
                0x0000000000005c70                rmutexUnlock
 *fill*         0x0000000000005c8c        0x4 
 .text.sessionmgrCreate
                0x0000000000005c90      0x178 C:/devkitPro/libnx/lib\libnx.a(sessionmgr.o)
                0x0000000000005c90                sessionmgrCreate
 *fill*         0x0000000000005e08        0x8 
 .text.sessionmgrClose
                0x0000000000005e10       0x84 C:/devkitPro/libnx/lib\libnx.a(sessionmgr.o)
                0x0000000000005e10                sessionmgrClose
 *fill*         0x0000000000005e94        0xc 
 .text.sessionmgrAttachClient
                0x0000000000005ea0       0xb4 C:/devkitPro/libnx/lib\libnx.a(sessionmgr.o)
                0x0000000000005ea0                sessionmgrAttachClient
 *fill*         0x0000000000005f54        0xc 
 .text.sessionmgrDetachClient
                0x0000000000005f60       0x70 C:/devkitPro/libnx/lib\libnx.a(sessionmgr.o)
                0x0000000000005f60                sessionmgrDetachClient
 .text._bsdStartMonitoring
                0x0000000000005fd0       0xf8 C:/devkitPro/libnx/lib\libnx.a(bsd.o)
 *fill*         0x00000000000060c8        0x8 
 .text._bsdCleanup
                0x00000000000060d0       0xe0 C:/devkitPro/libnx/lib\libnx.a(bsd.o)
 .text._bsdCmdInSockfdOutSockaddr
                0x00000000000061b0      0x20c C:/devkitPro/libnx/lib\libnx.a(bsd.o)
 *fill*         0x00000000000063bc        0x4 
 .text._bsdCmdInSockfdSockaddr
                0x00000000000063c0      0x1b4 C:/devkitPro/libnx/lib\libnx.a(bsd.o)
 *fill*         0x0000000000006574        0xc 
 .text._bsdCmdInDomainTypeProtocol
                0x0000000000006580      0x148 C:/devkitPro/libnx/lib\libnx.a(bsd.o)
 *fill*         0x00000000000066c8        0x8 
 .text._bsdRegisterClient.constprop.0
                0x00000000000066d0      0x130 C:/devkitPro/libnx/lib\libnx.a(bsd.o)
 .text.bsdInitialize
                0x0000000000006800      0x21c C:/devkitPro/libnx/lib\libnx.a(bsd.o)
                0x0000000000006800                bsdInitialize
 *fill*         0x0000000000006a1c        0x4 
 .text.bsdExit  0x0000000000006a20       0x44 C:/devkitPro/libnx/lib\libnx.a(bsd.o)
                0x0000000000006a20                bsdExit
 *fill*         0x0000000000006a64        0xc 
 .text.bsdSocket
                0x0000000000006a70        0x8 C:/devkitPro/libnx/lib\libnx.a(bsd.o)
                0x0000000000006a70                bsdSocket
 *fill*         0x0000000000006a78        0x8 
 .text.bsdOpen  0x0000000000006a80      0x1d0 C:/devkitPro/libnx/lib\libnx.a(bsd.o)
                0x0000000000006a80                bsdOpen
 .text.bsdPoll  0x0000000000006c50      0x250 C:/devkitPro/libnx/lib\libnx.a(bsd.o)
                0x0000000000006c50                bsdPoll
 .text.bsdRecv  0x0000000000006ea0      0x1c8 C:/devkitPro/libnx/lib\libnx.a(bsd.o)
                0x0000000000006ea0                bsdRecv
 *fill*         0x0000000000007068        0x8 
 .text.bsdRecvFrom
                0x0000000000007070      0x270 C:/devkitPro/libnx/lib\libnx.a(bsd.o)
                0x0000000000007070                bsdRecvFrom
 .text.bsdSend  0x00000000000072e0      0x1d0 C:/devkitPro/libnx/lib\libnx.a(bsd.o)
                0x00000000000072e0                bsdSend
 .text.bsdSendTo
                0x00000000000074b0      0x25c C:/devkitPro/libnx/lib\libnx.a(bsd.o)
                0x00000000000074b0                bsdSendTo
 *fill*         0x000000000000770c        0x4 
 .text.bsdAccept
                0x0000000000007710        0x8 C:/devkitPro/libnx/lib\libnx.a(bsd.o)
                0x0000000000007710                bsdAccept
 *fill*         0x0000000000007718        0x8 
 .text.bsdBind  0x0000000000007720        0x8 C:/devkitPro/libnx/lib\libnx.a(bsd.o)
                0x0000000000007720                bsdBind
 *fill*         0x0000000000007728        0x8 
 .text.bsdConnect
                0x0000000000007730        0x8 C:/devkitPro/libnx/lib\libnx.a(bsd.o)
                0x0000000000007730                bsdConnect
 *fill*         0x0000000000007738        0x8 
 .text.bsdGetPeerName
                0x0000000000007740        0x8 C:/devkitPro/libnx/lib\libnx.a(bsd.o)
                0x0000000000007740                bsdGetPeerName
 *fill*         0x0000000000007748        0x8 
 .text.bsdGetSockName
                0x0000000000007750        0x8 C:/devkitPro/libnx/lib\libnx.a(bsd.o)
                0x0000000000007750                bsdGetSockName
 *fill*         0x0000000000007758        0x8 
 .text.bsdGetSockOpt
                0x0000000000007760      0x228 C:/devkitPro/libnx/lib\libnx.a(bsd.o)
                0x0000000000007760                bsdGetSockOpt
 *fill*         0x0000000000007988        0x8 
 .text.bsdListen
                0x0000000000007990      0x144 C:/devkitPro/libnx/lib\libnx.a(bsd.o)
                0x0000000000007990                bsdListen
 *fill*         0x0000000000007ad4        0xc 
 .text.bsdIoctl
                0x0000000000007ae0      0x554 C:/devkitPro/libnx/lib\libnx.a(bsd.o)
                0x0000000000007ae0                bsdIoctl
 *fill*         0x0000000000008034        0xc 
 .text.bsdFcntl
                0x0000000000008040      0x17c C:/devkitPro/libnx/lib\libnx.a(bsd.o)
                0x0000000000008040                bsdFcntl
 *fill*         0x00000000000081bc        0x4 
 .text.bsdSetSockOpt
                0x00000000000081c0      0x1cc C:/devkitPro/libnx/lib\libnx.a(bsd.o)
                0x00000000000081c0                bsdSetSockOpt
 *fill*         0x000000000000838c        0x4 
 .text.bsdWrite
                0x0000000000008390      0x1c8 C:/devkitPro/libnx/lib\libnx.a(bsd.o)
                0x0000000000008390                bsdWrite
 *fill*         0x0000000000008558        0x8 
 .text.bsdRead  0x0000000000008560      0x1c4 C:/devkitPro/libnx/lib\libnx.a(bsd.o)
                0x0000000000008560                bsdRead
 *fill*         0x0000000000008724        0xc 
 .text.bsdClose
                0x0000000000008730      0x13c C:/devkitPro/libnx/lib\libnx.a(bsd.o)
                0x0000000000008730                bsdClose
 *fill*         0x000000000000886c        0x4 
 .text._sslCleanup
                0x0000000000008870       0xb4 C:/devkitPro/libnx/lib\libnx.a(ssl.o)
 *fill*         0x0000000000008924        0xc 
 .text._sslSetInterfaceVersion
                0x0000000000008930       0xdc C:/devkitPro/libnx/lib\libnx.a(ssl.o)
 *fill*         0x0000000000008a0c        0x4 
 .text._sslCmdNoIO
                0x0000000000008a10      0x178 C:/devkitPro/libnx/lib\libnx.a(ssl.o)
 *fill*         0x0000000000008b88        0x8 
 .text._sslCmdInU32NoOut
                0x0000000000008b90      0x188 C:/devkitPro/libnx/lib\libnx.a(ssl.o)
 *fill*         0x0000000000008d18        0x8 
 .text._sslCmdNoInOutU32
                0x0000000000008d20      0x18c C:/devkitPro/libnx/lib\libnx.a(ssl.o)
 *fill*         0x0000000000008eac        0x4 
 .text._sslCmdInBufNoOut
                0x0000000000008eb0      0x19c C:/devkitPro/libnx/lib\libnx.a(ssl.o)
 *fill*         0x000000000000904c        0x4 
 .text._sslCmdNoInOutBufTwoOutU32s
                0x0000000000009050      0x244 C:/devkitPro/libnx/lib\libnx.a(ssl.o)
 *fill*         0x0000000000009294        0xc 
 .text._sslCmdOutBufOutU32
                0x00000000000092a0      0x1b8 C:/devkitPro/libnx/lib\libnx.a(ssl.o)
 *fill*         0x0000000000009458        0x8 
 .text._sslObjectClose
                0x0000000000009460       0xf4 C:/devkitPro/libnx/lib\libnx.a(ssl.o)
 *fill*         0x0000000000009554        0xc 
 .text._sslCmdInBufOutU32.constprop.0
                0x0000000000009560      0x1ac C:/devkitPro/libnx/lib\libnx.a(ssl.o)
 *fill*         0x000000000000970c        0x4 
 .text.sslInitialize
                0x0000000000009710      0x2b0 C:/devkitPro/libnx/lib\libnx.a(ssl.o)
                0x0000000000009710                sslInitialize
 .text.sslExit  0x00000000000099c0       0x44 C:/devkitPro/libnx/lib\libnx.a(ssl.o)
                0x00000000000099c0                sslExit
 *fill*         0x0000000000009a04        0xc 
 .text.sslCreateContext
                0x0000000000009a10      0x168 C:/devkitPro/libnx/lib\libnx.a(ssl.o)
                0x0000000000009a10                sslCreateContext
 *fill*         0x0000000000009b78        0x8 
 .text.sslContextClose
                0x0000000000009b80        0x4 C:/devkitPro/libnx/lib\libnx.a(ssl.o)
                0x0000000000009b80                sslContextClose
 *fill*         0x0000000000009b84        0xc 
 .text.sslContextCreateConnection
                0x0000000000009b90      0x208 C:/devkitPro/libnx/lib\libnx.a(ssl.o)
                0x0000000000009b90                sslContextCreateConnection
 *fill*         0x0000000000009d98        0x8 
 .text.sslContextImportServerPki
                0x0000000000009da0      0x1f8 C:/devkitPro/libnx/lib\libnx.a(ssl.o)
                0x0000000000009da0                sslContextImportServerPki
 *fill*         0x0000000000009f98        0x8 
 .text.sslContextImportClientPki
                0x0000000000009fa0      0x238 C:/devkitPro/libnx/lib\libnx.a(ssl.o)
                0x0000000000009fa0                sslContextImportClientPki
 *fill*         0x000000000000a1d8        0x8 
 .text.sslConnectionClose
                0x000000000000a1e0        0x4 C:/devkitPro/libnx/lib\libnx.a(ssl.o)
                0x000000000000a1e0                sslConnectionClose
 *fill*         0x000000000000a1e4        0xc 
 .text.sslConnectionSetSocketDescriptor
                0x000000000000a1f0      0x1c4 C:/devkitPro/libnx/lib\libnx.a(ssl.o)
                0x000000000000a1f0                sslConnectionSetSocketDescriptor
 *fill*         0x000000000000a3b4        0xc 
 .text.sslConnectionSetHostName
                0x000000000000a3c0       0x28 C:/devkitPro/libnx/lib\libnx.a(ssl.o)
                0x000000000000a3c0                sslConnectionSetHostName
 *fill*         0x000000000000a3e8        0x8 
 .text.sslConnectionSetVerifyOption
                0x000000000000a3f0       0x18 C:/devkitPro/libnx/lib\libnx.a(ssl.o)
                0x000000000000a3f0                sslConnectionSetVerifyOption
 *fill*         0x000000000000a408        0x8 
 .text.sslConnectionSetIoMode
                0x000000000000a410       0x18 C:/devkitPro/libnx/lib\libnx.a(ssl.o)
                0x000000000000a410                sslConnectionSetIoMode
 *fill*         0x000000000000a428        0x8 
 .text.sslConnectionDoHandshake
                0x000000000000a430       0x40 C:/devkitPro/libnx/lib\libnx.a(ssl.o)
                0x000000000000a430                sslConnectionDoHandshake
 .text.sslConnectionGetServerCertDetail
                0x000000000000a470       0x90 C:/devkitPro/libnx/lib\libnx.a(ssl.o)
                0x000000000000a470                sslConnectionGetServerCertDetail
 .text.sslConnectionRead
                0x000000000000a500       0x30 C:/devkitPro/libnx/lib\libnx.a(ssl.o)
                0x000000000000a500                sslConnectionRead
 .text.sslConnectionWrite
                0x000000000000a530       0x2c C:/devkitPro/libnx/lib\libnx.a(ssl.o)
                0x000000000000a530                sslConnectionWrite
 *fill*         0x000000000000a55c        0x4 
 .text.sslConnectionPending
                0x000000000000a560       0x18 C:/devkitPro/libnx/lib\libnx.a(ssl.o)
                0x000000000000a560                sslConnectionPending
 *fill*         0x000000000000a578        0x8 
 .text.sslConnectionPeek
                0x000000000000a580       0x30 C:/devkitPro/libnx/lib\libnx.a(ssl.o)
                0x000000000000a580                sslConnectionPeek
 .text.sslConnectionGetVerifyCertError
                0x000000000000a5b0       0x18 C:/devkitPro/libnx/lib\libnx.a(ssl.o)
                0x000000000000a5b0                sslConnectionGetVerifyCertError
 *fill*         0x000000000000a5c8        0x8 
 .text.sslConnectionSetSessionCacheMode
                0x000000000000a5d0       0x18 C:/devkitPro/libnx/lib\libnx.a(ssl.o)
                0x000000000000a5d0                sslConnectionSetSessionCacheMode
 *fill*         0x000000000000a5e8        0x8 
 .text.sslConnectionSetOption
                0x000000000000a5f0      0x1c4 C:/devkitPro/libnx/lib\libnx.a(ssl.o)
                0x000000000000a5f0                sslConnectionSetOption
 *fill*         0x000000000000a7b4        0xc 
 .text._nifmCleanup
                0x000000000000a7c0      0x13c C:/devkitPro/libnx/lib\libnx.a(nifm.o)
 *fill*         0x000000000000a8fc        0x4 
 .text._nifmConvertSfToNetworkProfileData
                0x000000000000a900      0x120 C:/devkitPro/libnx/lib\libnx.a(nifm.o)
 .text._nifmCreateGeneralService.constprop.0
                0x000000000000aa20      0x12c C:/devkitPro/libnx/lib\libnx.a(nifm.o)
 *fill*         0x000000000000ab4c        0x4 
 .text._nifmCmdGetSession.constprop.0
                0x000000000000ab50      0x120 C:/devkitPro/libnx/lib\libnx.a(nifm.o)
 .text.nifmInitialize
                0x000000000000ac70      0x2a4 C:/devkitPro/libnx/lib\libnx.a(nifm.o)
                0x000000000000ac70                nifmInitialize
 *fill*         0x000000000000af14        0xc 
 .text.nifmExit
                0x000000000000af20       0x44 C:/devkitPro/libnx/lib\libnx.a(nifm.o)
                0x000000000000af20                nifmExit
 *fill*         0x000000000000af64        0xc 
 .text.nifmGetCurrentNetworkProfile
                0x000000000000af70      0x120 C:/devkitPro/libnx/lib\libnx.a(nifm.o)
                0x000000000000af70                nifmGetCurrentNetworkProfile
 .text.nifmGetCurrentIpAddress
                0x000000000000b090       0xec C:/devkitPro/libnx/lib\libnx.a(nifm.o)
                0x000000000000b090                nifmGetCurrentIpAddress
 *fill*         0x000000000000b17c        0x4 
 .text.timeToPosixTimeWithMyRule
                0x000000000000b180      0x104 C:/devkitPro/libnx/lib\libnx.a(time.o)
                0x000000000000b180                timeToPosixTimeWithMyRule
 *fill*         0x000000000000b284        0xc 
 .text.__nx_dynamic
                0x000000000000b290       0xa0 C:/devkitPro/libnx/lib\libnx.a(dynamic.o)
                0x000000000000b290                __nx_dynamic
 .text.__libnx_init
                0x000000000000b330       0x2c C:/devkitPro/libnx/lib\libnx.a(init.o)
                0x000000000000b330                __libnx_init
 *fill*         0x000000000000b35c        0x4 
 .text.__libnx_exit
                0x000000000000b360       0x20 C:/devkitPro/libnx/lib\libnx.a(init.o)
                0x000000000000b360                __libnx_exit
 .text.envSetup
                0x000000000000b380      0x208 C:/devkitPro/libnx/lib\libnx.a(env.o)
                0x000000000000b380                envSetup
 *fill*         0x000000000000b588        0x8 
 .text.envGetMainThreadHandle
                0x000000000000b590       0x20 C:/devkitPro/libnx/lib\libnx.a(env.o)
                0x000000000000b590                envGetMainThreadHandle
 .text.envIsNso
                0x000000000000b5b0        0xc C:/devkitPro/libnx/lib\libnx.a(env.o)
                0x000000000000b5b0                envIsNso
 *fill*         0x000000000000b5bc        0x4 
 .text.envHasArgv
                0x000000000000b5c0       0x14 C:/devkitPro/libnx/lib\libnx.a(env.o)
                0x000000000000b5c0                envHasArgv
 *fill*         0x000000000000b5d4        0xc 
 .text.envGetArgv
                0x000000000000b5e0        0xc C:/devkitPro/libnx/lib\libnx.a(env.o)
                0x000000000000b5e0                envGetArgv
 *fill*         0x000000000000b5ec        0x4 
 .text.envGetExitFuncPtr
                0x000000000000b5f0        0xc C:/devkitPro/libnx/lib\libnx.a(env.o)
                0x000000000000b5f0                envGetExitFuncPtr
 *fill*         0x000000000000b5fc        0x4 
 .text.__libnx_alloc
                0x000000000000b600        0x4 C:/devkitPro/libnx/lib\libnx.a(alloc.o)
                0x000000000000b600                __libnx_alloc
 *fill*         0x000000000000b604        0xc 
 .text.__libnx_aligned_alloc
                0x000000000000b610       0x14 C:/devkitPro/libnx/lib\libnx.a(alloc.o)
                0x000000000000b610                __libnx_aligned_alloc
 *fill*         0x000000000000b624        0xc 
 .text.__libnx_free
                0x000000000000b630        0x4 C:/devkitPro/libnx/lib\libnx.a(alloc.o)
                0x000000000000b630                __libnx_free
 *fill*         0x000000000000b634        0xc 
 .text.__syscall_exit
                0x000000000000b640       0x1c C:/devkitPro/libnx/lib\libnx.a(newlib.o)
                0x000000000000b640                __syscall_exit
 *fill*         0x000000000000b65c        0x4 
 .text.__syscall_getreent
                0x000000000000b660       0x34 C:/devkitPro/libnx/lib\libnx.a(newlib.o)
                0x000000000000b660                __syscall_getreent
 *fill*         0x000000000000b694        0xc 
 .text.__syscall_lock_acquire
                0x000000000000b6a0        0x4 C:/devkitPro/libnx/lib\libnx.a(newlib.o)
                0x000000000000b6a0                __syscall_lock_acquire
 *fill*         0x000000000000b6a4        0xc 
 .text.__syscall_lock_release
                0x000000000000b6b0        0x4 C:/devkitPro/libnx/lib\libnx.a(newlib.o)
                0x000000000000b6b0                __syscall_lock_release
 *fill*         0x000000000000b6b4        0xc 
 .text.__syscall_lock_acquire_recursive
                0x000000000000b6c0        0x4 C:/devkitPro/libnx/lib\libnx.a(newlib.o)
                0x000000000000b6c0                __syscall_lock_acquire_recursive
 *fill*         0x000000000000b6c4        0xc 
 .text.__syscall_lock_release_recursive
                0x000000000000b6d0        0x4 C:/devkitPro/libnx/lib\libnx.a(newlib.o)
                0x000000000000b6d0                __syscall_lock_release_recursive
 *fill*         0x000000000000b6d4        0xc 
 .text.__syscall_clock_gettime
                0x000000000000b6e0       0xe8 C:/devkitPro/libnx/lib\libnx.a(newlib.o)
                0x000000000000b6e0                __syscall_clock_gettime
 *fill*         0x000000000000b7c8        0x8 
 .text.__syscall_gettod_r
                0x000000000000b7d0       0x8c C:/devkitPro/libnx/lib\libnx.a(newlib.o)
                0x000000000000b7d0                __syscall_gettod_r
 *fill*         0x000000000000b85c        0x4 
 .text.newlibSetup
                0x000000000000b860       0x84 C:/devkitPro/libnx/lib\libnx.a(newlib.o)
                0x000000000000b860                newlibSetup
 *fill*         0x000000000000b8e4        0xc 
 .text.argvSetup
                0x000000000000b8f0      0x308 C:/devkitPro/libnx/lib\libnx.a(argv.o)
                0x000000000000b8f0                argvSetup
 .text.__libnx_exception_entry
                0x000000000000bbf8      0x1c0 C:/devkitPro/libnx/lib\libnx.a(exception.o)
                0x000000000000bbf8                __libnx_exception_entry
 .text.__libnx_exception_returnentry
                0x000000000000bdb8       0x18 C:/devkitPro/libnx/lib\libnx.a(exception.o)
                0x000000000000bdb8                __libnx_exception_returnentry
 .text.tmemCreate
                0x000000000000bdd0       0xa8 C:/devkitPro/libnx/lib\libnx.a(tmem.o)
                0x000000000000bdd0                tmemCreate
 *fill*         0x000000000000be78        0x8 
 .text.tmemCreateFromMemory
                0x000000000000be80       0x28 C:/devkitPro/libnx/lib\libnx.a(tmem.o)
                0x000000000000be80                tmemCreateFromMemory
 *fill*         0x000000000000bea8        0x8 
 .text.tmemUnmap
                0x000000000000beb0       0x34 C:/devkitPro/libnx/lib\libnx.a(tmem.o)
                0x000000000000beb0                tmemUnmap
 *fill*         0x000000000000bee4        0xc 
 .text.tmemClose
                0x000000000000bef0       0x68 C:/devkitPro/libnx/lib\libnx.a(tmem.o)
                0x000000000000bef0                tmemClose
 *fill*         0x000000000000bf58        0x8 
 .text._memregionInitWithInfo
                0x000000000000bf60       0x64 C:/devkitPro/libnx/lib\libnx.a(virtmem.o)
 *fill*         0x000000000000bfc4        0xc 
 .text.virtmemSetup
                0x000000000000bfd0      0x120 C:/devkitPro/libnx/lib\libnx.a(virtmem.o)
                0x000000000000bfd0                virtmemSetup
 .text.condvarWaitTimeout
                0x000000000000c0f0       0x64 C:/devkitPro/libnx/lib\libnx.a(condvar.o)
                0x000000000000c0f0                condvarWaitTimeout
 *fill*         0x000000000000c154        0xc 
 .text.__libnx_init_thread
                0x000000000000c160       0xb0 C:/devkitPro/libnx/lib\libnx.a(thread.o)
                0x000000000000c160                __libnx_init_thread
 .text.nxlinkSetup
                0x000000000000c210       0xc4 C:/devkitPro/libnx/lib\libnx.a(nxlink.o)
                0x000000000000c210                nxlinkSetup
 *fill*         0x000000000000c2d4        0xc 
 .text.curl_global_init
                0x000000000000c2e0       0xa4 C:/devkitPro/portlibs/switch/lib\libcurl.a(libcurl_la-easy.o)
                0x000000000000c2e0                curl_global_init
 *fill*         0x000000000000c384        0xc 
 .text.curl_global_cleanup
                0x000000000000c390       0x20 C:/devkitPro/portlibs/switch/lib\libcurl.a(libcurl_la-easy.o)
                0x000000000000c390                curl_global_cleanup
 .text.curl_easy_init
                0x000000000000c3b0       0xac C:/devkitPro/portlibs/switch/lib\libcurl.a(libcurl_la-easy.o)
                0x000000000000c3b0                curl_easy_init
 *fill*         0x000000000000c45c        0x4 
 .text.curl_easy_perform
                0x000000000000c460      0x190 C:/devkitPro/portlibs/switch/lib\libcurl.a(libcurl_la-easy.o)
                0x000000000000c460                curl_easy_perform
 .text.curl_easy_cleanup
                0x000000000000c5f0       0x20 C:/devkitPro/portlibs/switch/lib\libcurl.a(libcurl_la-easy.o)
                0x000000000000c5f0                curl_easy_cleanup
 .text.connect_SOCKS
                0x000000000000c610       0xf4 C:/devkitPro/portlibs/switch/lib\libcurl.a(libcurl_la-connect.o)
 *fill*         0x000000000000c704        0xc 
 .text.verifyconnect
                0x000000000000c710       0x74 C:/devkitPro/portlibs/switch/lib\libcurl.a(libcurl_la-connect.o)
 *fill*         0x000000000000c784        0xc 
 .text.Curl_timeleft
                0x000000000000c790       0xe4 C:/devkitPro/portlibs/switch/lib\libcurl.a(libcurl_la-connect.o)
                0x000000000000c790                Curl_timeleft
 *fill*         0x000000000000c874        0xc 
 .text.Curl_persistconninfo
                0x000000000000c880       0x6c C:/devkitPro/portlibs/switch/lib\libcurl.a(libcurl_la-connect.o)
                0x000000000000c880                Curl_persistconninfo
 *fill*         0x000000000000c8ec        0x4 
 .text.Curl_updateconninfo.part.0
                0x000000000000c8f0      0x248 C:/devkitPro/portlibs/switch/lib\libcurl.a(libcurl_la-connect.o)
 *fill*         0x000000000000cb38        0x8 
 .text.Curl_updateconninfo
                0x000000000000cb40       0x14 C:/devkitPro/portlibs/switch/lib\libcurl.a(libcurl_la-connect.o)
                0x000000000000cb40                Curl_updateconninfo
 *fill*         0x000000000000cb54        0xc 
 .text.Curl_connalive
                0x000000000000cb60       0x5c C:/devkitPro/portlibs/switch/lib\libcurl.a(libcurl_la-connect.o)
                0x000000000000cb60                Curl_connalive
 *fill*         0x000000000000cbbc        0x4 
 .text.Curl_closesocket
                0x000000000000cbc0       0xb0 C:/devkitPro/portlibs/switch/lib\libcurl.a(libcurl_la-connect.o)
                0x000000000000cbc0                Curl_closesocket
 .text.Curl_socket
                0x000000000000cc70      0x160 C:/devkitPro/portlibs/switch/lib\libcurl.a(libcurl_la-connect.o)
                0x000000000000cc70                Curl_socket
 .text.singleipconnect
                0x000000000000cdd0      0x89c C:/devkitPro/portlibs/switch/lib\libcurl.a(libcurl_la-connect.o)
 *fill*         0x000000000000d66c        0x4 
 .text.trynextip
                0x000000000000d670       0xdc C:/devkitPro/portlibs/switch/lib\libcurl.a(libcurl_la-connect.o)
 *fill*         0x000000000000d74c        0x4 
 .text.Curl_is_connected
                0x000000000000d750      0x4ec C:/devkitPro/portlibs/switch/lib\libcurl.a(libcurl_la-connect.o)
                0x000000000000d750                Curl_is_connected
 *fill*         0x000000000000dc3c        0x4 
 .text.Curl_connecthost
                0x000000000000dc40      0x11c C:/devkitPro/portlibs/switch/lib\libcurl.a(libcurl_la-connect.o)
                0x000000000000dc40                Curl_connecthost
 *fill*         0x000000000000dd5c        0x4 
 .text.Curl_conncontrol
                0x000000000000dd60       0x48 C:/devkitPro/portlibs/switch/lib\libcurl.a(libcurl_la-connect.o)
                0x000000000000dd60                Curl_conncontrol
 *fill*         0x000000000000dda8        0x8 
 .text.Curl_conn_data_pending
                0x000000000000ddb0       0x74 C:/devkitPro/portlibs/switch/lib\libcurl.a(libcurl_la-connect.o)
                0x000000000000ddb0                Curl_conn_data_pending
 *fill*         0x000000000000de24        0xc 
 .text.trhash   0x000000000000de30       0x10 C:/devkitPro/portlibs/switch/lib\libcurl.a(libcurl_la-multi.o)
 .text.trhash_compare
                0x000000000000de40       0x14 C:/devkitPro/portlibs/switch/lib\libcurl.a(libcurl_la-multi.o)
 *fill*         0x000000000000de54        0xc 
 .text.trhash_dtor
                0x000000000000de60        0x4 C:/devkitPro/portlibs/switch/lib\libcurl.a(libcurl_la-multi.o)
 *fill*         0x000000000000de64        0xc 
 .text.sh_freeentry
                0x000000000000de70       0x14 C:/devkitPro/portlibs/switch/lib\libcurl.a(libcurl_la-multi.o)
 *fill*         0x000000000000de84        0xc 
 .text.fd_key_compare
                0x000000000000de90       0x14 C:/devkitPro/portlibs/switch/lib\libcurl.a(libcurl_la-multi.o)
 *fill*         0x000000000000dea4        0xc 
 .text.hash_fd  0x000000000000deb0       0x10 C:/devkitPro/portlibs/switch/lib\libcurl.a(libcurl_la-multi.o)
 .text.multi_getsock
                0x000000000000dec0      0x160 C:/devkitPro/portlibs/switch/lib\libcurl.a(libcurl_la-multi.o)
 .text.singlesocket
                0x000000000000e020      0x494 C:/devkitPro/portlibs/switch/lib\libcurl.a(libcurl_la-multi.o)
 *fill*         0x000000000000e4b4        0xc 
 .text.multi_timeout.part.0
                0x000000000000e4c0       0x9c C:/devkitPro/portlibs/switch/lib\libcurl.a(libcurl_la-multi.o)
 *fill*         0x000000000000e55c        0x4 
 .text.add_next_timeout.isra.0
                0x000000000000e560       0xf4 C:/devkitPro/portlibs/switch/lib\libcurl.a(libcurl_la-multi.o)
 *fill*         0x000000000000e654        0xc 
 .text.Curl_multi_wait.part.0
                0x000000000000e660      0x478 C:/devkitPro/portlibs/switch/lib\libcurl.a(libcurl_la-multi.o)
 *fill*         0x000000000000ead8        0x8 
 .text.Curl_multi_handle
                0x000000000000eae0      0x1cc C:/devkitPro/portlibs/switch/lib\libcurl.a(libcurl_la-multi.o)
                0x000000000000eae0                Curl_multi_handle
 *fill*         0x000000000000ecac        0x4 
 .text.Curl_multiplex_wanted
                0x000000000000ecb0       0x14 C:/devkitPro/portlibs/switch/lib\libcurl.a(libcurl_la-multi.o)
                0x000000000000ecb0                Curl_multiplex_wanted
 *fill*         0x000000000000ecc4        0xc 
 .text.Curl_attach_connnection
                0x000000000000ecd0       0x1c C:/devkitPro/portlibs/switch/lib\libcurl.a(libcurl_la-multi.o)
                0x000000000000ecd0                Curl_attach_connnection
 *fill*         0x000000000000ecec        0x4 
 .text.curl_multi_poll
                0x000000000000ecf0       0x44 C:/devkitPro/portlibs/switch/lib\libcurl.a(libcurl_la-multi.o)
                0x000000000000ecf0                curl_multi_poll
 *fill*         0x000000000000ed34        0xc 
 .text.curl_multi_info_read
                0x000000000000ed40       0x9c C:/devkitPro/portlibs/switch/lib\libcurl.a(libcurl_la-multi.o)
                0x000000000000ed40                curl_multi_info_read
 *fill*         0x000000000000eddc        0x4 
 .text.Curl_multi_closed
                0x000000000000ede0       0xb0 C:/devkitPro/portlibs/switch/lib\libcurl.a(libcurl_la-multi.o)
                0x000000000000ede0                Curl_multi_closed
 .text.curl_multi_setopt
                0x000000000000ee90      0x22c C:/devkitPro/portlibs/switch/lib\libcurl.a(libcurl_la-multi.o)
                0x000000000000ee90                curl_multi_setopt
 *fill*         0x000000000000f0bc        0x4 
 .text.Curl_update_timer
                0x000000000000f0c0       0xd0 C:/devkitPro/portlibs/switch/lib\libcurl.a(libcurl_la-multi.o)
                0x000000000000f0c0                Curl_update_timer
 .text.Curl_expire
                0x000000000000f190      0x220 C:/devkitPro/portlibs/switch/lib\libcurl.a(libcurl_la-multi.o)
                0x000000000000f190                Curl_expire
 .text.curl_multi_add_handle
                0x000000000000f3b0      0x174 C:/devkitPro/portlibs/switch/lib\libcurl.a(libcurl_la-multi.o)
                0x000000000000f3b0                curl_multi_add_handle
 *fill*         0x000000000000f524        0xc 
 .text.process_pending_handles
                0x000000000000f530       0x78 C:/devkitPro/portlibs/switch/lib\libcurl.a(libcurl_la-multi.o)
 *fill*         0x000000000000f5a8        0x8 
 .text.multi_done
                0x000000000000f5b0      0x304 C:/devkitPro/portlibs/switch/lib\libcurl.a(libcurl_la-multi.o)
 *fill*         0x000000000000f8b4        0xc 
 .text.curl_multi_cleanup
                0x000000000000f8c0      0x130 C:/devkitPro/portlibs/switch/lib\libcurl.a(libcurl_la-multi.o)
                0x000000000000f8c0                curl_multi_cleanup
 .text.multi_runsingle
                0x000000000000f9f0     0x1418 C:/devkitPro/portlibs/switch/lib\libcurl.a(libcurl_la-multi.o)
 *fill*         0x0000000000010e08        0x8 
 .text.curl_multi_perform
                0x0000000000010e10      0x114 C:/devkitPro/portlibs/switch/lib\libcurl.a(libcurl_la-multi.o)
                0x0000000000010e10                curl_multi_perform
 *fill*         0x0000000000010f24        0xc 
 .text.Curl_expire_done
                0x0000000000010f30       0x3c C:/devkitPro/portlibs/switch/lib\libcurl.a(libcurl_la-multi.o)
                0x0000000000010f30                Curl_expire_done
 *fill*         0x0000000000010f6c        0x4 
 .text.Curl_expire_clear
                0x0000000000010f70       0xd0 C:/devkitPro/portlibs/switch/lib\libcurl.a(libcurl_la-multi.o)
                0x0000000000010f70                Curl_expire_clear
 .text.Curl_init_completed
                0x0000000000011040       0x3c C:/devkitPro/portlibs/switch/lib\libcurl.a(libcurl_la-multi.o)
 *fill*         0x000000000001107c        0x4 
 .text.curl_multi_remove_handle
                0x0000000000011080      0x20c C:/devkitPro/portlibs/switch/lib\libcurl.a(libcurl_la-multi.o)
                0x0000000000011080                curl_multi_remove_handle
 *fill*         0x000000000001128c        0x4 
 .text.Curl_multi_max_host_connections
                0x0000000000011290       0x14 C:/devkitPro/portlibs/switch/lib\libcurl.a(libcurl_la-multi.o)
                0x0000000000011290                Curl_multi_max_host_connections
 *fill*         0x00000000000112a4        0xc 
 .text.Curl_multi_max_total_connections
                0x00000000000112b0       0x14 C:/devkitPro/portlibs/switch/lib\libcurl.a(libcurl_la-multi.o)
                0x00000000000112b0                Curl_multi_max_total_connections
 *fill*         0x00000000000112c4        0xc 
 .text.Curl_set_in_callback
                0x00000000000112d0       0x28 C:/devkitPro/portlibs/switch/lib\libcurl.a(libcurl_la-multi.o)
                0x00000000000112d0                Curl_set_in_callback
 *fill*         0x00000000000112f8        0x8 
 .text.Curl_share_lock
                0x0000000000011300       0x60 C:/devkitPro/portlibs/switch/lib\libcurl.a(libcurl_la-share.o)
                0x0000000000011300                Curl_share_lock
 .text.Curl_share_unlock
                0x0000000000011360       0x60 C:/devkitPro/portlibs/switch/lib\libcurl.a(libcurl_la-share.o)
                0x0000000000011360                Curl_share_unlock
 .text.Curl_input_digest
                0x00000000000113c0       0x88 C:/devkitPro/portlibs/switch/lib\libcurl.a(libcurl_la-http_digest.o)
                0x00000000000113c0                Curl_input_digest
 *fill*         0x0000000000011448        0x8 
 .text.Curl_output_digest
                0x0000000000011450      0x1dc C:/devkitPro/portlibs/switch/lib\libcurl.a(libcurl_la-http_digest.o)
                0x0000000000011450                Curl_output_digest
 *fill*         0x000000000001162c        0x4 
 .text.Curl_http_auth_cleanup_digest
                0x0000000000011630       0x30 C:/devkitPro/portlibs/switch/lib\libcurl.a(libcurl_la-http_digest.o)
                0x0000000000011630                Curl_http_auth_cleanup_digest
 .text.curl_easy_strerror
                0x0000000000011660      0x440 C:/devkitPro/portlibs/switch/lib\libcurl.a(libcurl_la-strerror.o)
                0x0000000000011660                curl_easy_strerror
 .text.Curl_strerror
                0x0000000000011aa0      0x118 C:/devkitPro/portlibs/switch/lib\libcurl.a(libcurl_la-strerror.o)
                0x0000000000011aa0                Curl_strerror
 *fill*         0x0000000000011bb8        0x8 
 .text.Curl_wait_ms
                0x0000000000011bc0       0x54 C:/devkitPro/portlibs/switch/lib\libcurl.a(libcurl_la-select.o)
                0x0000000000011bc0                Curl_wait_ms
 *fill*         0x0000000000011c14        0xc 
 .text.Curl_socket_check
                0x0000000000011c20      0x1f8 C:/devkitPro/portlibs/switch/lib\libcurl.a(libcurl_la-select.o)
                0x0000000000011c20                Curl_socket_check
 *fill*         0x0000000000011e18        0x8 
 .text.Curl_poll
                0x0000000000011e20      0x12c C:/devkitPro/portlibs/switch/lib\libcurl.a(libcurl_la-select.o)
                0x0000000000011e20                Curl_poll
 *fill*         0x0000000000011f4c        0x4 
 .text.Curl_splay
                0x0000000000011f50      0x14c C:/devkitPro/portlibs/switch/lib\libcurl.a(libcurl_la-splay.o)
                0x0000000000011f50                Curl_splay
 *fill*         0x000000000001209c        0x4 
 .text.Curl_splayinsert
                0x00000000000120a0       0xac C:/devkitPro/portlibs/switch/lib\libcurl.a(libcurl_la-splay.o)
                0x00000000000120a0                Curl_splayinsert
 *fill*         0x000000000001214c        0x4 
 .text.Curl_splaygetbest
                0x0000000000012150       0xb4 C:/devkitPro/portlibs/switch/lib\libcurl.a(libcurl_la-splay.o)
                0x0000000000012150                Curl_splaygetbest
 *fill*         0x0000000000012204        0xc 
 .text.Curl_splayremovebyaddr
                0x0000000000012210       0xf0 C:/devkitPro/portlibs/switch/lib\libcurl.a(libcurl_la-splay.o)
                0x0000000000012210                Curl_splayremovebyaddr
 .text.Curl_memdup
                0x0000000000012300       0x54 C:/devkitPro/portlibs/switch/lib\libcurl.a(libcurl_la-strdup.o)
                0x0000000000012300                Curl_memdup
 *fill*         0x0000000000012354        0xc 
 .text.Curl_saferealloc
                0x0000000000012360       0x58 C:/devkitPro/portlibs/switch/lib\libcurl.a(libcurl_la-strdup.o)
                0x0000000000012360                Curl_saferealloc
 *fill*         0x00000000000123b8        0x8 
 .text.Curl_SOCKS_getsock
                0x00000000000123c0       0x3c C:/devkitPro/portlibs/switch/lib\libcurl.a(libcurl_la-socks.o)
                0x00000000000123c0                Curl_SOCKS_getsock
 *fill*         0x00000000000123fc        0x4 
 .text.Curl_SOCKS4
                0x0000000000012400      0x5dc C:/devkitPro/portlibs/switch/lib\libcurl.a(libcurl_la-socks.o)
                0x0000000000012400                Curl_SOCKS4
 *fill*         0x00000000000129dc        0x4 
 .text.Curl_SOCKS5
                0x00000000000129e0      0xb08 C:/devkitPro/portlibs/switch/lib\libcurl.a(libcurl_la-socks.o)
                0x00000000000129e0                Curl_SOCKS5
 *fill*         0x00000000000134e8        0x8 
 .text.Curl_slist_append_nodup
                0x00000000000134f0       0x58 C:/devkitPro/portlibs/switch/lib\libcurl.a(libcurl_la-slist.o)
                0x00000000000134f0                Curl_slist_append_nodup
 *fill*         0x0000000000013548        0x8 
 .text.curl_slist_append
                0x0000000000013550       0xd0 C:/devkitPro/portlibs/switch/lib\libcurl.a(libcurl_la-slist.o)
                0x0000000000013550                curl_slist_append
 .text.curl_slist_free_all
                0x0000000000013620       0x5c C:/devkitPro/portlibs/switch/lib\libcurl.a(libcurl_la-slist.o)
                0x0000000000013620                curl_slist_free_all
 *fill*         0x000000000001367c        0x4 
 .text.curlx_nonblock
                0x0000000000013680       0x40 C:/devkitPro/portlibs/switch/lib\libcurl.a(libcurl_la-nonblock.o)
                0x0000000000013680                curlx_nonblock
 .text.curlx_ultous
                0x00000000000136c0        0x4 C:/devkitPro/portlibs/switch/lib\libcurl.a(libcurl_la-warnless.o)
                0x00000000000136c0                curlx_ultous
 *fill*         0x00000000000136c4        0xc 
 .text.curlx_ultouc
                0x00000000000136d0        0x4 C:/devkitPro/portlibs/switch/lib\libcurl.a(libcurl_la-warnless.o)
                0x00000000000136d0                curlx_ultouc
 *fill*         0x00000000000136d4        0xc 
 .text.curlx_uztosi
                0x00000000000136e0        0x8 C:/devkitPro/portlibs/switch/lib\libcurl.a(libcurl_la-warnless.o)
                0x00000000000136e0                curlx_uztosi
 *fill*         0x00000000000136e8        0x8 
 .text.curlx_uztoui
                0x00000000000136f0        0x4 C:/devkitPro/portlibs/switch/lib\libcurl.a(libcurl_la-warnless.o)
                0x00000000000136f0                curlx_uztoui
 *fill*         0x00000000000136f4        0xc 
 .text.curlx_sltosi
                0x0000000000013700        0x8 C:/devkitPro/portlibs/switch/lib\libcurl.a(libcurl_la-warnless.o)
                0x0000000000013700                curlx_sltosi
 *fill*         0x0000000000013708        0x8 
 .text.curlx_sltous
                0x0000000000013710        0x4 C:/devkitPro/portlibs/switch/lib\libcurl.a(libcurl_la-warnless.o)
                0x0000000000013710                curlx_sltous
 *fill*         0x0000000000013714        0xc 
 .text.curlx_uztosz
                0x0000000000013720        0x8 C:/devkitPro/portlibs/switch/lib\libcurl.a(libcurl_la-warnless.o)
                0x0000000000013720                curlx_uztosz
 *fill*         0x0000000000013728        0x8 
 .text.curlx_sotouz
                0x0000000000013730        0x4 C:/devkitPro/portlibs/switch/lib\libcurl.a(libcurl_la-warnless.o)
                0x0000000000013730                curlx_sotouz
 *fill*         0x0000000000013734        0xc 
 .text.Curl_connect_complete
                0x0000000000013740       0x24 C:/devkitPro/portlibs/switch/lib\libcurl.a(libcurl_la-http_proxy.o)
                0x0000000000013740                Curl_connect_complete
 *fill*         0x0000000000013764        0xc 
 .text.Curl_connect_ongoing
                0x0000000000013770       0x24 C:/devkitPro/portlibs/switch/lib\libcurl.a(libcurl_la-http_proxy.o)
                0x0000000000013770                Curl_connect_ongoing
 *fill*         0x0000000000013794        0xc 
 .text.Curl_connect_free
                0x00000000000137a0       0x38 C:/devkitPro/portlibs/switch/lib\libcurl.a(libcurl_la-http_proxy.o)
                0x00000000000137a0                Curl_connect_free
 *fill*         0x00000000000137d8        0x8 
 .text.Curl_proxyCONNECT
                0x00000000000137e0      0xc18 C:/devkitPro/portlibs/switch/lib\libcurl.a(libcurl_la-http_proxy.o)
                0x00000000000137e0                Curl_proxyCONNECT
 *fill*         0x00000000000143f8        0x8 
 .text.Curl_proxy_connect
                0x0000000000014400      0x150 C:/devkitPro/portlibs/switch/lib\libcurl.a(libcurl_la-http_proxy.o)
                0x0000000000014400                Curl_proxy_connect
 .text.conn_llist_dtor
                0x0000000000014550        0x8 C:/devkitPro/portlibs/switch/lib\libcurl.a(libcurl_la-conncache.o)
 *fill*         0x0000000000014558        0x8 
 .text.free_bundle_hash_entry
                0x0000000000014560       0x44 C:/devkitPro/portlibs/switch/lib\libcurl.a(libcurl_la-conncache.o)
 *fill*         0x00000000000145a4        0xc 
 .text.Curl_conncache_init
                0x00000000000145b0       0x90 C:/devkitPro/portlibs/switch/lib\libcurl.a(libcurl_la-conncache.o)
                0x00000000000145b0                Curl_conncache_init
 .text.Curl_conncache_destroy
                0x0000000000014640        0xc C:/devkitPro/portlibs/switch/lib\libcurl.a(libcurl_la-conncache.o)
                0x0000000000014640                Curl_conncache_destroy
 *fill*         0x000000000001464c        0x4 
 .text.Curl_conncache_unlock
                0x0000000000014650       0x14 C:/devkitPro/portlibs/switch/lib\libcurl.a(libcurl_la-conncache.o)
                0x0000000000014650                Curl_conncache_unlock
 *fill*         0x0000000000014664        0xc 
 .text.Curl_conncache_size
                0x0000000000014670       0x68 C:/devkitPro/portlibs/switch/lib\libcurl.a(libcurl_la-conncache.o)
                0x0000000000014670                Curl_conncache_size
 *fill*         0x00000000000146d8        0x8 
 .text.Curl_conncache_find_bundle
                0x00000000000146e0       0xc0 C:/devkitPro/portlibs/switch/lib\libcurl.a(libcurl_la-conncache.o)
                0x00000000000146e0                Curl_conncache_find_bundle
 .text.Curl_conncache_add_conn
                0x00000000000147a0      0x17c C:/devkitPro/portlibs/switch/lib\libcurl.a(libcurl_la-conncache.o)
                0x00000000000147a0                Curl_conncache_add_conn
 *fill*         0x000000000001491c        0x4 
 .text.Curl_conncache_remove_conn
                0x0000000000014920      0x138 C:/devkitPro/portlibs/switch/lib\libcurl.a(libcurl_la-conncache.o)
                0x0000000000014920                Curl_conncache_remove_conn
 *fill*         0x0000000000014a58        0x8 
 .text.Curl_conncache_foreach
                0x0000000000014a60      0x114 C:/devkitPro/portlibs/switch/lib\libcurl.a(libcurl_la-conncache.o)
                0x0000000000014a60                Curl_conncache_foreach
 *fill*         0x0000000000014b74        0xc 
 .text.Curl_conncache_extract_bundle
                0x0000000000014b80      0x128 C:/devkitPro/portlibs/switch/lib\libcurl.a(libcurl_la-conncache.o)
                0x0000000000014b80                Curl_conncache_extract_bundle
 *fill*         0x0000000000014ca8        0x8 
 .text.Curl_conncache_extract_oldest
                0x0000000000014cb0      0x194 C:/devkitPro/portlibs/switch/lib\libcurl.a(libcurl_la-conncache.o)
                0x0000000000014cb0                Curl_conncache_extract_oldest
 *fill*         0x0000000000014e44        0xc 
 .text.Curl_conncache_return_conn
                0x0000000000014e50       0xd8 C:/devkitPro/portlibs/switch/lib\libcurl.a(libcurl_la-conncache.o)
                0x0000000000014e50                Curl_conncache_return_conn
 *fill*         0x0000000000014f28        0x8 
 .text.Curl_conncache_close_all_connections
                0x0000000000014f30       0xe0 C:/devkitPro/portlibs/switch/lib\libcurl.a(libcurl_la-conncache.o)
                0x0000000000014f30                Curl_conncache_close_all_connections
 .text.escape_string
                0x0000000000015010       0xc0 C:/devkitPro/portlibs/switch/lib\libcurl.a(libcurl_la-mime.o)
 .text.mime_mem_seek
                0x00000000000150d0       0x48 C:/devkitPro/portlibs/switch/lib\libcurl.a(libcurl_la-mime.o)
 *fill*         0x0000000000015118        0x8 
 .text.mime_mem_free
                0x0000000000015120       0x34 C:/devkitPro/portlibs/switch/lib\libcurl.a(libcurl_la-mime.o)
 *fill*         0x0000000000015154        0xc 
 .text.mime_mem_read
                0x0000000000015160       0x98 C:/devkitPro/portlibs/switch/lib\libcurl.a(libcurl_la-mime.o)
 *fill*         0x00000000000151f8        0x8 
 .text.readback_bytes
                0x0000000000015200       0xb0 C:/devkitPro/portlibs/switch/lib\libcurl.a(libcurl_la-mime.o)
 .text.mime_file_free
                0x00000000000152b0       0x44 C:/devkitPro/portlibs/switch/lib\libcurl.a(libcurl_la-mime.o)
 *fill*         0x00000000000152f4        0xc 
 .text.mime_file_seek
                0x0000000000015300       0x7c C:/devkitPro/portlibs/switch/lib\libcurl.a(libcurl_la-mime.o)
 *fill*         0x000000000001537c        0x4 
 .text.mime_file_read
                0x0000000000015380       0x80 C:/devkitPro/portlibs/switch/lib\libcurl.a(libcurl_la-mime.o)
 .text.readback_part
                0x0000000000015400      0x4a4 C:/devkitPro/portlibs/switch/lib\libcurl.a(libcurl_la-mime.o)
 *fill*         0x00000000000158a4        0xc 
 .text.read_part_content.part.0
                0x00000000000158b0      0x2cc C:/devkitPro/portlibs/switch/lib\libcurl.a(libcurl_la-mime.o)
 *fill*         0x0000000000015b7c        0x4 
 .text.search_header
                0x0000000000015b80       0x98 C:/devkitPro/portlibs/switch/lib\libcurl.a(libcurl_la-mime.o)
 *fill*         0x0000000000015c18        0x8 
 .text.mime_subparts_seek
                0x0000000000015c20      0x104 C:/devkitPro/portlibs/switch/lib\libcurl.a(libcurl_la-mime.o)
 *fill*         0x0000000000015d24        0xc 
 .text.mime_subparts_unbind
                0x0000000000015d30       0x44 C:/devkitPro/portlibs/switch/lib\libcurl.a(libcurl_la-mime.o)
 *fill*         0x0000000000015d74        0xc 
 .text.Curl_mime_cleanpart
                0x0000000000015d80       0xcc C:/devkitPro/portlibs/switch/lib\libcurl.a(libcurl_la-mime.o)
                0x0000000000015d80                Curl_mime_cleanpart
 *fill*         0x0000000000015e4c        0x4 
 .text.curl_mime_free.part.0
                0x0000000000015e50       0xac C:/devkitPro/portlibs/switch/lib\libcurl.a(libcurl_la-mime.o)
 *fill*         0x0000000000015efc        0x4 
 .text.mime_subparts_free
                0x0000000000015f00       0x44 C:/devkitPro/portlibs/switch/lib\libcurl.a(libcurl_la-mime.o)
 *fill*         0x0000000000015f44        0xc 
 .text.curl_mime_init
                0x0000000000015f50       0x88 C:/devkitPro/portlibs/switch/lib\libcurl.a(libcurl_la-mime.o)
                0x0000000000015f50                curl_mime_init
 *fill*         0x0000000000015fd8        0x8 
 .text.Curl_mime_initpart
                0x0000000000015fe0       0x38 C:/devkitPro/portlibs/switch/lib\libcurl.a(libcurl_la-mime.o)
                0x0000000000015fe0                Curl_mime_initpart
 *fill*         0x0000000000016018        0x8 
 .text.curl_mime_addpart
                0x0000000000016020       0x90 C:/devkitPro/portlibs/switch/lib\libcurl.a(libcurl_la-mime.o)
                0x0000000000016020                curl_mime_addpart
 .text.curl_mime_name
                0x00000000000160b0       0x70 C:/devkitPro/portlibs/switch/lib\libcurl.a(libcurl_la-mime.o)
                0x00000000000160b0                curl_mime_name
 .text.curl_mime_filename
                0x0000000000016120       0x70 C:/devkitPro/portlibs/switch/lib\libcurl.a(libcurl_la-mime.o)
                0x0000000000016120                curl_mime_filename
 .text.curl_mime_filedata.part.0
                0x0000000000016190      0x1c4 C:/devkitPro/portlibs/switch/lib\libcurl.a(libcurl_la-mime.o)
 *fill*         0x0000000000016354        0xc 
 .text.curl_mime_data
                0x0000000000016360      0x118 C:/devkitPro/portlibs/switch/lib\libcurl.a(libcurl_la-mime.o)
                0x0000000000016360                curl_mime_data
 *fill*         0x0000000000016478        0x8 
 .text.curl_mime_filedata
                0x0000000000016480       0x88 C:/devkitPro/portlibs/switch/lib\libcurl.a(libcurl_la-mime.o)
                0x0000000000016480                curl_mime_filedata
 *fill*         0x0000000000016508        0x8 
 .text.curl_mime_type
                0x0000000000016510       0x70 C:/devkitPro/portlibs/switch/lib\libcurl.a(libcurl_la-mime.o)
                0x0000000000016510                curl_mime_type
 .text.curl_mime_headers
                0x0000000000016580       0x7c C:/devkitPro/portlibs/switch/lib\libcurl.a(libcurl_la-mime.o)
                0x0000000000016580                curl_mime_headers
 *fill*         0x00000000000165fc        0x4 
 .text.curl_mime_data_cb
                0x0000000000016600       0xa8 C:/devkitPro/portlibs/switch/lib\libcurl.a(libcurl_la-mime.o)
                0x0000000000016600                curl_mime_data_cb
 *fill*         0x00000000000166a8        0x8 
 .text.Curl_mime_set_subparts
                0x00000000000166b0      0x154 C:/devkitPro/portlibs/switch/lib\libcurl.a(libcurl_la-mime.o)
                0x00000000000166b0                Curl_mime_set_subparts
 *fill*         0x0000000000016804        0xc 
 .text.curl_mime_subparts
                0x0000000000016810        0x8 C:/devkitPro/portlibs/switch/lib\libcurl.a(libcurl_la-mime.o)
                0x0000000000016810                curl_mime_subparts
 *fill*         0x0000000000016818        0x8 
 .text.Curl_mime_read
                0x0000000000016820       0x50 C:/devkitPro/portlibs/switch/lib\libcurl.a(libcurl_la-mime.o)
                0x0000000000016820                Curl_mime_read
 .text.Curl_mime_rewind
                0x0000000000016870       0x88 C:/devkitPro/portlibs/switch/lib\libcurl.a(libcurl_la-mime.o)
                0x0000000000016870                Curl_mime_rewind
 *fill*         0x00000000000168f8        0x8 
 .text.Curl_mime_size
                0x0000000000016900      0x188 C:/devkitPro/portlibs/switch/lib\libcurl.a(libcurl_la-mime.o)
                0x0000000000016900                Curl_mime_size
 *fill*         0x0000000000016a88        0x8 
 .text.Curl_mime_add_header
                0x0000000000016a90       0xdc C:/devkitPro/portlibs/switch/lib\libcurl.a(libcurl_la-mime.o)
                0x0000000000016a90                Curl_mime_add_header
 *fill*         0x0000000000016b6c        0x4 
 .text.Curl_mime_contenttype
                0x0000000000016b70       0xbc C:/devkitPro/portlibs/switch/lib\libcurl.a(libcurl_la-mime.o)
                0x0000000000016b70                Curl_mime_contenttype
 *fill*         0x0000000000016c2c        0x4 
 .text.Curl_mime_prepare_headers
                0x0000000000016c30      0x51c C:/devkitPro/portlibs/switch/lib\libcurl.a(libcurl_la-mime.o)
                0x0000000000016c30                Curl_mime_prepare_headers
 *fill*         0x000000000001714c        0x4 
 .text.setstropt_userpwd
                0x0000000000017150       0xd0 C:/devkitPro/portlibs/switch/lib\libcurl.a(libcurl_la-setopt.o)
 .text.Curl_setstropt
                0x0000000000017220       0xac C:/devkitPro/portlibs/switch/lib\libcurl.a(libcurl_la-setopt.o)
                0x0000000000017220                Curl_setstropt
 *fill*         0x00000000000172cc        0x4 
 .text.Curl_vsetopt
                0x00000000000172d0     0x2eec C:/devkitPro/portlibs/switch/lib\libcurl.a(libcurl_la-setopt.o)
                0x00000000000172d0                Curl_vsetopt
 *fill*         0x000000000001a1bc        0x4 
 .text.curl_easy_setopt
                0x000000000001a1c0       0x78 C:/devkitPro/portlibs/switch/lib\libcurl.a(libcurl_la-setopt.o)
                0x000000000001a1c0                curl_easy_setopt
 *fill*         0x000000000001a238        0x8 
 .text.Curl_isspace
                0x000000000001a240       0x24 C:/devkitPro/portlibs/switch/lib\libcurl.a(libcurl_la-curl_ctype.o)
                0x000000000001a240                Curl_isspace
 *fill*         0x000000000001a264        0xc 
 .text.Curl_isdigit
                0x000000000001a270       0x24 C:/devkitPro/portlibs/switch/lib\libcurl.a(libcurl_la-curl_ctype.o)
                0x000000000001a270                Curl_isdigit
 *fill*         0x000000000001a294        0xc 
 .text.Curl_isalnum
                0x000000000001a2a0       0x24 C:/devkitPro/portlibs/switch/lib\libcurl.a(libcurl_la-curl_ctype.o)
                0x000000000001a2a0                Curl_isalnum
 *fill*         0x000000000001a2c4        0xc 
 .text.Curl_isxdigit
                0x000000000001a2d0       0x28 C:/devkitPro/portlibs/switch/lib\libcurl.a(libcurl_la-curl_ctype.o)
                0x000000000001a2d0                Curl_isxdigit
 *fill*         0x000000000001a2f8        0x8 
 .text.Curl_isgraph
                0x000000000001a300       0x30 C:/devkitPro/portlibs/switch/lib\libcurl.a(libcurl_la-curl_ctype.o)
                0x000000000001a300                Curl_isgraph
 .text.Curl_isalpha
                0x000000000001a330       0x24 C:/devkitPro/portlibs/switch/lib\libcurl.a(libcurl_la-curl_ctype.o)
                0x000000000001a330                Curl_isalpha
 *fill*         0x000000000001a354        0xc 
 .text.Curl_isupper
                0x000000000001a360       0x24 C:/devkitPro/portlibs/switch/lib\libcurl.a(libcurl_la-curl_ctype.o)
                0x000000000001a360                Curl_isupper
 *fill*         0x000000000001a384        0xc 
 .text.Curl_iscntrl
                0x000000000001a390       0x24 C:/devkitPro/portlibs/switch/lib\libcurl.a(libcurl_la-curl_ctype.o)
                0x000000000001a390                Curl_iscntrl
 *fill*         0x000000000001a3b4        0xc 
 .text.auth_digest_sha256_to_ascii
                0x000000000001a3c0       0x58 C:/devkitPro/portlibs/switch/lib\libcurl.a(libcurl_la-digest.o)
 *fill*         0x000000000001a418        0x8 
 .text.auth_digest_md5_to_ascii
                0x000000000001a420       0x58 C:/devkitPro/portlibs/switch/lib\libcurl.a(libcurl_la-digest.o)
 *fill*         0x000000000001a478        0x8 
 .text.auth_create_digest_http_message
                0x000000000001a480      0x57c C:/devkitPro/portlibs/switch/lib\libcurl.a(libcurl_la-digest.o)
 *fill*         0x000000000001a9fc        0x4 
 .text.Curl_auth_digest_get_pair
                0x000000000001aa00      0x128 C:/devkitPro/portlibs/switch/lib\libcurl.a(libcurl_la-digest.o)
                0x000000000001aa00                Curl_auth_digest_get_pair
 *fill*         0x000000000001ab28        0x8 
 .text.Curl_auth_is_digest_supported
                0x000000000001ab30        0x8 C:/devkitPro/portlibs/switch/lib\libcurl.a(libcurl_la-digest.o)
                0x000000000001ab30                Curl_auth_is_digest_supported
 *fill*         0x000000000001ab38        0x8 
 .text.Curl_auth_create_digest_md5_message
                0x000000000001ab40      0x8b0 C:/devkitPro/portlibs/switch/lib\libcurl.a(libcurl_la-digest.o)
                0x000000000001ab40                Curl_auth_create_digest_md5_message
 .text.Curl_auth_create_digest_http_message
                0x000000000001b3f0       0x88 C:/devkitPro/portlibs/switch/lib\libcurl.a(libcurl_la-digest.o)
                0x000000000001b3f0                Curl_auth_create_digest_http_message
 *fill*         0x000000000001b478        0x8 
 .text.Curl_auth_digest_cleanup
                0x000000000001b480       0x98 C:/devkitPro/portlibs/switch/lib\libcurl.a(libcurl_la-digest.o)
                0x000000000001b480                Curl_auth_digest_cleanup
 *fill*         0x000000000001b518        0x8 
 .text.Curl_auth_decode_digest_http_message
                0x000000000001b520      0x50c C:/devkitPro/portlibs/switch/lib\libcurl.a(libcurl_la-digest.o)
                0x000000000001b520                Curl_auth_decode_digest_http_message
 *fill*         0x000000000001ba2c        0x4 
 .text.Curl_none_cleanup
                0x000000000001ba30        0x4 C:/devkitPro/portlibs/switch/lib\libcurl.a(libcurl_la-vtls.o)
                0x000000000001ba30                Curl_none_cleanup
 *fill*         0x000000000001ba34        0xc 
 .text.Curl_none_shutdown
                0x000000000001ba40        0x8 C:/devkitPro/portlibs/switch/lib\libcurl.a(libcurl_la-vtls.o)
                0x000000000001ba40                Curl_none_shutdown
 *fill*         0x000000000001ba48        0x8 
 .text.Curl_none_check_cxn
                0x000000000001ba50        0x8 C:/devkitPro/portlibs/switch/lib\libcurl.a(libcurl_la-vtls.o)
                0x000000000001ba50                Curl_none_check_cxn
 *fill*         0x000000000001ba58        0x8 
 .text.Curl_none_random
                0x000000000001ba60        0x8 C:/devkitPro/portlibs/switch/lib\libcurl.a(libcurl_la-vtls.o)
                0x000000000001ba60                Curl_none_random
 *fill*         0x000000000001ba68        0x8 
 .text.Curl_none_close_all
                0x000000000001ba70        0x4 C:/devkitPro/portlibs/switch/lib\libcurl.a(libcurl_la-vtls.o)
                0x000000000001ba70                Curl_none_close_all
 *fill*         0x000000000001ba74        0xc 
 .text.Curl_none_data_pending
                0x000000000001ba80        0x8 C:/devkitPro/portlibs/switch/lib\libcurl.a(libcurl_la-vtls.o)
                0x000000000001ba80                Curl_none_data_pending
 *fill*         0x000000000001ba88        0x8 
 .text.Curl_none_cert_status_request
                0x000000000001ba90        0x8 C:/devkitPro/portlibs/switch/lib\libcurl.a(libcurl_la-vtls.o)
                0x000000000001ba90                Curl_none_cert_status_request
 *fill*         0x000000000001ba98        0x8 
 .text.Curl_none_set_engine
                0x000000000001baa0        0x8 C:/devkitPro/portlibs/switch/lib\libcurl.a(libcurl_la-vtls.o)
                0x000000000001baa0                Curl_none_set_engine
 *fill*         0x000000000001baa8        0x8 
 .text.Curl_none_set_engine_default
                0x000000000001bab0        0x8 C:/devkitPro/portlibs/switch/lib\libcurl.a(libcurl_la-vtls.o)
                0x000000000001bab0                Curl_none_set_engine_default
 *fill*         0x000000000001bab8        0x8 
 .text.Curl_none_engines_list
                0x000000000001bac0        0x8 C:/devkitPro/portlibs/switch/lib\libcurl.a(libcurl_la-vtls.o)
                0x000000000001bac0                Curl_none_engines_list
 *fill*         0x000000000001bac8        0x8 
 .text.Curl_multissl_version
                0x000000000001bad0      0x194 C:/devkitPro/portlibs/switch/lib\libcurl.a(libcurl_la-vtls.o)
 *fill*         0x000000000001bc64        0xc 
 .text.ssl_prefs_check
                0x000000000001bc70       0x68 C:/devkitPro/portlibs/switch/lib\libcurl.a(libcurl_la-vtls.o)
 *fill*         0x000000000001bcd8        0x8 
 .text.Curl_none_md5sum
                0x000000000001bce0       0x7c C:/devkitPro/portlibs/switch/lib\libcurl.a(libcurl_la-vtls.o)
                0x000000000001bce0                Curl_none_md5sum
 *fill*         0x000000000001bd5c        0x4 
 .text.multissl_init.part.0
                0x000000000001bd60       0xc8 C:/devkitPro/portlibs/switch/lib\libcurl.a(libcurl_la-vtls.o)
 *fill*         0x000000000001be28        0x8 
 .text.ssl_connect_init_proxy
                0x000000000001be30       0xb8 C:/devkitPro/portlibs/switch/lib\libcurl.a(libcurl_la-vtls.o)
 *fill*         0x000000000001bee8        0x8 
 .text.Curl_ssl_free_certinfo.part.0
                0x000000000001bef0       0x6c C:/devkitPro/portlibs/switch/lib\libcurl.a(libcurl_la-vtls.o)
 *fill*         0x000000000001bf5c        0x4 
 .text.Curl_none_false_start
                0x000000000001bf60        0x8 C:/devkitPro/portlibs/switch/lib\libcurl.a(libcurl_la-vtls.o)
                0x000000000001bf60                Curl_none_false_start
 *fill*         0x000000000001bf68        0x8 
 .text.Curl_none_session_free
                0x000000000001bf70        0x4 C:/devkitPro/portlibs/switch/lib\libcurl.a(libcurl_la-vtls.o)
                0x000000000001bf70                Curl_none_session_free
 *fill*         0x000000000001bf74        0xc 
 .text.Curl_multissl_init
                0x000000000001bf80       0x60 C:/devkitPro/portlibs/switch/lib\libcurl.a(libcurl_la-vtls.o)
 .text.Curl_multissl_close
                0x000000000001bfe0       0x7c C:/devkitPro/portlibs/switch/lib\libcurl.a(libcurl_la-vtls.o)
 *fill*         0x000000000001c05c        0x4 
 .text.Curl_multissl_get_internals
                0x000000000001c060       0x70 C:/devkitPro/portlibs/switch/lib\libcurl.a(libcurl_la-vtls.o)
 .text.Curl_multissl_connect
                0x000000000001c0d0       0x70 C:/devkitPro/portlibs/switch/lib\libcurl.a(libcurl_la-vtls.o)
 .text.Curl_multissl_connect_nonblocking
                0x000000000001c140       0x78 C:/devkitPro/portlibs/switch/lib\libcurl.a(libcurl_la-vtls.o)
 *fill*         0x000000000001c1b8        0x8 
 .text.Curl_ssl_config_matches
                0x000000000001c1c0       0xe0 C:/devkitPro/portlibs/switch/lib\libcurl.a(libcurl_la-vtls.o)
                0x000000000001c1c0                Curl_ssl_config_matches
 .text.Curl_clone_primary_ssl_config
                0x000000000001c2a0      0x1f4 C:/devkitPro/portlibs/switch/lib\libcurl.a(libcurl_la-vtls.o)
                0x000000000001c2a0                Curl_clone_primary_ssl_config
 *fill*         0x000000000001c494        0xc 
 .text.Curl_free_primary_ssl_config
                0x000000000001c4a0       0xa4 C:/devkitPro/portlibs/switch/lib\libcurl.a(libcurl_la-vtls.o)
                0x000000000001c4a0                Curl_free_primary_ssl_config
 *fill*         0x000000000001c544        0xc 
 .text.Curl_ssl_backend
                0x000000000001c550       0x58 C:/devkitPro/portlibs/switch/lib\libcurl.a(libcurl_la-vtls.o)
                0x000000000001c550                Curl_ssl_backend
 *fill*         0x000000000001c5a8        0x8 
 .text.Curl_ssl_init
                0x000000000001c5b0       0x30 C:/devkitPro/portlibs/switch/lib\libcurl.a(libcurl_la-vtls.o)
                0x000000000001c5b0                Curl_ssl_init
 .text.Curl_ssl_cleanup
                0x000000000001c5e0       0x38 C:/devkitPro/portlibs/switch/lib\libcurl.a(libcurl_la-vtls.o)
                0x000000000001c5e0                Curl_ssl_cleanup
 *fill*         0x000000000001c618        0x8 
 .text.Curl_ssl_connect
                0x000000000001c620       0xb8 C:/devkitPro/portlibs/switch/lib\libcurl.a(libcurl_la-vtls.o)
                0x000000000001c620                Curl_ssl_connect
 *fill*         0x000000000001c6d8        0x8 
 .text.Curl_ssl_connect_nonblocking
                0x000000000001c6e0       0xcc C:/devkitPro/portlibs/switch/lib\libcurl.a(libcurl_la-vtls.o)
                0x000000000001c6e0                Curl_ssl_connect_nonblocking
 *fill*         0x000000000001c7ac        0x4 
 .text.Curl_ssl_kill_session
                0x000000000001c7b0       0x6c C:/devkitPro/portlibs/switch/lib\libcurl.a(libcurl_la-vtls.o)
                0x000000000001c7b0                Curl_ssl_kill_session
 *fill*         0x000000000001c81c        0x4 
 .text.Curl_ssl_close_all
                0x000000000001c820       0x98 C:/devkitPro/portlibs/switch/lib\libcurl.a(libcurl_la-vtls.o)
                0x000000000001c820                Curl_ssl_close_all
 *fill*         0x000000000001c8b8        0x8 
 .text.Curl_ssl_getsock
                0x000000000001c8c0        0x8 C:/devkitPro/portlibs/switch/lib\libcurl.a(libcurl_la-vtls.o)
                0x000000000001c8c0                Curl_ssl_getsock
 *fill*         0x000000000001c8c8        0x8 
 .text.Curl_ssl_close
                0x000000000001c8d0       0x14 C:/devkitPro/portlibs/switch/lib\libcurl.a(libcurl_la-vtls.o)
                0x000000000001c8d0                Curl_ssl_close
 *fill*         0x000000000001c8e4        0xc 
 .text.Curl_ssl_shutdown
                0x000000000001c8f0       0x7c C:/devkitPro/portlibs/switch/lib\libcurl.a(libcurl_la-vtls.o)
                0x000000000001c8f0                Curl_ssl_shutdown
 *fill*         0x000000000001c96c        0x4 
 .text.Curl_ssl_set_engine
                0x000000000001c970       0x14 C:/devkitPro/portlibs/switch/lib\libcurl.a(libcurl_la-vtls.o)
                0x000000000001c970                Curl_ssl_set_engine
 *fill*         0x000000000001c984        0xc 
 .text.Curl_ssl_set_engine_default
                0x000000000001c990       0x14 C:/devkitPro/portlibs/switch/lib\libcurl.a(libcurl_la-vtls.o)
                0x000000000001c990                Curl_ssl_set_engine_default
 *fill*         0x000000000001c9a4        0xc 
 .text.Curl_ssl_initsessions
                0x000000000001c9b0       0x74 C:/devkitPro/portlibs/switch/lib\libcurl.a(libcurl_la-vtls.o)
                0x000000000001c9b0                Curl_ssl_initsessions
 *fill*         0x000000000001ca24        0xc 
 .text.Curl_ssl_check_cxn
                0x000000000001ca30       0x14 C:/devkitPro/portlibs/switch/lib\libcurl.a(libcurl_la-vtls.o)
                0x000000000001ca30                Curl_ssl_check_cxn
 *fill*         0x000000000001ca44        0xc 
 .text.Curl_ssl_data_pending
                0x000000000001ca50       0x14 C:/devkitPro/portlibs/switch/lib\libcurl.a(libcurl_la-vtls.o)
                0x000000000001ca50                Curl_ssl_data_pending
 *fill*         0x000000000001ca64        0xc 
 .text.Curl_ssl_free_certinfo
                0x000000000001ca70       0x10 C:/devkitPro/portlibs/switch/lib\libcurl.a(libcurl_la-vtls.o)
                0x000000000001ca70                Curl_ssl_free_certinfo
 .text.Curl_ssl_init_certinfo
                0x000000000001ca80       0x6c C:/devkitPro/portlibs/switch/lib\libcurl.a(libcurl_la-vtls.o)
                0x000000000001ca80                Curl_ssl_init_certinfo
 *fill*         0x000000000001caec        0x4 
 .text.Curl_ssl_push_certinfo_len
                0x000000000001caf0      0x124 C:/devkitPro/portlibs/switch/lib\libcurl.a(libcurl_la-vtls.o)
                0x000000000001caf0                Curl_ssl_push_certinfo_len
 *fill*         0x000000000001cc14        0xc 
 .text.Curl_ssl_push_certinfo
                0x000000000001cc20       0x4c C:/devkitPro/portlibs/switch/lib\libcurl.a(libcurl_la-vtls.o)
                0x000000000001cc20                Curl_ssl_push_certinfo
 *fill*         0x000000000001cc6c        0x4 
 .text.Curl_ssl_random
                0x000000000001cc70       0x14 C:/devkitPro/portlibs/switch/lib\libcurl.a(libcurl_la-vtls.o)
                0x000000000001cc70                Curl_ssl_random
 *fill*         0x000000000001cc84        0xc 
 .text.Curl_pin_peer_pubkey
                0x000000000001cc90      0x4c4 C:/devkitPro/portlibs/switch/lib\libcurl.a(libcurl_la-vtls.o)
                0x000000000001cc90                Curl_pin_peer_pubkey
 *fill*         0x000000000001d154        0xc 
 .text.Curl_ssl_cert_status_request
                0x000000000001d160       0x14 C:/devkitPro/portlibs/switch/lib\libcurl.a(libcurl_la-vtls.o)
                0x000000000001d160                Curl_ssl_cert_status_request
 *fill*         0x000000000001d174        0xc 
 .text.Curl_ssl_false_start
                0x000000000001d180       0x14 C:/devkitPro/portlibs/switch/lib\libcurl.a(libcurl_la-vtls.o)
                0x000000000001d180                Curl_ssl_false_start
 *fill*         0x000000000001d194        0xc 
 .text.Curl_ssl_tls13_ciphersuites
                0x000000000001d1a0       0x14 C:/devkitPro/portlibs/switch/lib\libcurl.a(libcurl_la-vtls.o)
                0x000000000001d1a0                Curl_ssl_tls13_ciphersuites
 *fill*         0x000000000001d1b4        0xc 
 .text.Curl_libnx_get_internals
                0x000000000001d1c0        0x8 C:/devkitPro/portlibs/switch/lib\libcurl.a(libcurl_la-libnx.o)
 *fill*         0x000000000001d1c8        0x8 
 .text.Curl_libnx_sha256sum
                0x000000000001d1d0       0x2c C:/devkitPro/portlibs/switch/lib\libcurl.a(libcurl_la-libnx.o)
 *fill*         0x000000000001d1fc        0x4 
 .text.Curl_libnx_close
                0x000000000001d200       0x58 C:/devkitPro/portlibs/switch/lib\libcurl.a(libcurl_la-libnx.o)
 *fill*         0x000000000001d258        0x8 
 .text.libnx_send
                0x000000000001d260       0x74 C:/devkitPro/portlibs/switch/lib\libcurl.a(libcurl_la-libnx.o)
 *fill*         0x000000000001d2d4        0xc 
 .text.libnx_recv